Microchip MPLAB XC8 Compiler V2.20

Linker command line:

--edf=C:\Program Files\Microchip\xc8\v2.20\pic\dat\en_msgs.txt -cn \
  -h+dist/16F877A/debug\test_b4.X.debug.sym \
  --cmf=dist/16F877A/debug\test_b4.X.debug.cmf -z -Q16F877A \
  -oC:\Users\MOHAMM~1\AppData\Local\Temp\scfc.2 --defsym=__MPLAB_BUILD=1 \
  -Mdist/16F877A/debug/test_b4.X.debug.map -E1 -ver=XC8 Compiler \
  --acfsm=1493 -ASTACK=0110h-016Fh -pstack=STACK -ACODE=00h-07FFhx4 \
  -ASTRCODE=00h-01FFFh -ASTRING=00h-0FFhx32 -ACONST=00h-0FFhx32 \
  -AENTRY=00h-0FFhx32 -ACOMMON=070h-07Fh -ABANK0=020h-06Fh \
  -ABANK1=0A0h-0EFh -ABANK2=0110h-016Fh -ABANK3=0190h-01EFh \
  -ARAM=020h-06Fh,0A0h-0EFh,0110h-016Fh,0190h-01EFh \
  -AABS1=020h-07Fh,0A0h-0EFh,0110h-016Fh,0190h-01EFh -ASFR0=00h-01Fh \
  -ASFR1=080h-09Fh -ASFR2=0100h-010Fh -ASFR3=0180h-018Fh \
  -ACONFIG=02007h-02007h -DCONFIG=2 -AIDLOC=02000h-02003h -DIDLOC=2 \
  -preset_vec=00h,intentry=04h,init,end_init -ppowerup=CODE -pcinit=CODE \
  -pfunctab=ENTRY -AEEDATA=00h-0FFh/02100h -peeprom_data=EEDATA -DEEDATA=2 \
  -DCODE=2 -DSTRCODE=2 -DSTRING=2 -DCONST=2 -DENTRY=2 -k \
  C:\Users\MOHAMM~1\AppData\Local\Temp\scfc.o \
  dist/16F877A/debug\test_b4.X.debug.o 

Object code version is 3.11

Machine type is 16F877A



                Name                               Link     Load   Length Selector   Space Scale
C:\Users\MOHAMM~1\AppData\Local\Temp\scfc.o
                end_init                             12       12        3        8       0
                reset_vec                             0        0        3        0       0
                config                             2007     2007        1        0       4
dist/16F877A/debug\test_b4.X.debug.o
                cinit                                15       15       21        8       0
                intentry                              4        4        E        8       0
                eeprom_data                           0     2100       10     4200       3
                config                             2007     2007        1        0       4
                text15                               36       36       67        8       0
                text14                               FA       FA       59        8       0
                text13                              1AA      1AA       57        8       0
                text12                              201      201       51        8       0
                text11                              33A      33A        9      644       0
                text10                              34B      34B        8      644       0
                text9                               359      359        6      644       0
                text8                               252      252       28        8       0
                text7                               353      353        6      644       0
                text6                               2C6      2C6       26        8       0
                text5                               153      153       57        8       0
                text4                               2A0      2A0       26        8       0
                text3                               27A      27A       26        8       0
                text2                               322      322        E      644       0
                text1                               330      330        A      644       0
                maintext                             9D       9D       5D        8       0
                cstackBANK0                          41       41        8       20       1
                cstackCOMMON                         70       70        C       70       1
                clrtext                             343      343        8      644       0
                dataBANK0                            49       49        3       20       1
                bssBANK0                             20       20       21       20       1
                bssCOMMON                            7C       7C        2       70       1
                strings                             300      300       22      600       0
                idataBANK0                          35F      35F        3      644       0

TOTAL           Name                               Link     Load   Length     Space
        CLASS   STACK          

        CLASS   CODE           
                end_init                             12       12        3         0
                cinit                                15       15       21         0
                intentry                              4        4        E         0
                reset_vec                             0        0        3         0
                text15                               36       36       67         0
                text14                               FA       FA       59         0
                text13                              1AA      1AA       57         0
                text12                              201      201       51         0
                text11                              33A      33A        9         0
                text10                              34B      34B        8         0
                text9                               359      359        6         0
                text8                               252      252       28         0
                text7                               353      353        6         0
                text6                               2C6      2C6       26         0
                text5                               153      153       57         0
                text4                               2A0      2A0       26         0
                text3                               27A      27A       26         0
                text2                               322      322        E         0
                text1                               330      330        A         0
                maintext                             9D       9D       5D         0
                clrtext                             343      343        8         0
                idataBANK0                          35F      35F        3         0

        CLASS   STRCODE        

        CLASS   STRING         
                strings                             300      300       22         0

        CLASS   CONST          

        CLASS   ENTRY          

        CLASS   COMMON         
                cstackCOMMON                         70       70        C         1
                bssCOMMON                            7C       7C        2         1

        CLASS   BANK0          
                cstackBANK0                          41       41        8         1
                dataBANK0                            49       49        3         1
                bssBANK0                             20       20       21         1

        CLASS   BANK1          

        CLASS   BANK2          

        CLASS   BANK3          

        CLASS   RAM            

        CLASS   ABS1           
                abs_s1                               7E       7E        2         1

        CLASS   SFR0           

        CLASS   SFR1           

        CLASS   SFR2           

        CLASS   SFR3           

        CLASS   CONFIG         
                config                             2007     2007        1         4

        CLASS   IDLOC          

        CLASS   EEDATA         
                eeprom_data                           0     2100       10         3



SEGMENTS        Name                           Load    Length   Top    Selector   Space  Class     Delta

                reset_vec                      000000  000003  000003         0       0  CODE        2
                intentry                       000004  0002E8  0002EC         8       0  CODE        2
                bssBANK0                       000020  00002C  00004C        20       1  BANK0       1
                cstackCOMMON                   000070  00000E  00007E        70       1  COMMON      1
                strings                        000300  000022  000322       600       0  STRING      2
                text2                          000322  000040  000362       644       0  CODE        2
                eeprom_data                    002100  000010  002110      4200       3  EEDATA      2


UNUSED ADDRESS RANGES

        Name                Unused          Largest block    Delta
        BANK0            004C-006F             24           1
        BANK1            00A0-00EF             50           1
        BANK2            0110-016F             60           1
        BANK3            0190-01EF             60           1
        CODE             0003-0003              1           2
                         02EC-02FF             14
                         0362-1FFF            800
        CONST            0003-0003              1           2
                         02EC-02FF             14
                         0362-1FFF            100
        EEDATA           2110-21FF             F0           2
        ENTRY            0003-0003              1           2
                         02EC-02FF             14
                         0362-1FFF            100
        IDLOC            2000-2003              4           2
        RAM              004C-006F             24           1
                         00A0-00EF             50
                         0110-016F             60
                         0190-01EF             60
        SFR0             0000-001F             20           1
        SFR1             0080-009F             20           1
        SFR2             0100-010F             10           1
        SFR3             0180-018F             10           1
        STACK            0110-016F             60           1
        STRCODE          0003-0003              1           2
                         02EC-02FF             14
                         0362-1FFF           1C9E
        STRING           0003-0003              1           2
                         02EC-02FF             14
                         0362-1FFF            100

                                  Symbol Table

?___awdiv                cstackCOMMON 0070
?___awmod                cstackCOMMON 0070
_ADCON0                  (abs)        001F
_ADCON0bits              (abs)        001F
_ADCON1                  (abs)        009F
_ADRESH                  (abs)        001E
_ADRESL                  (abs)        009E
_CCP1CON                 (abs)        0017
_CCPR1L                  (abs)        0015
_CMCON                   (abs)        009C
_EEADR                   (abs)        010D
_EECON1bits              (abs)        018C
_EECON2                  (abs)        018D
_EEDATA                  (abs)        010C
_INTCONbits              (abs)        000B
_PIE1bits                (abs)        008C
_PIR1bits                (abs)        000C
_PORTA                   (abs)        0005
_PORTB                   (abs)        0006
_PORTBbits               (abs)        0006
_PORTCbits               (abs)        0007
_PORTD                   (abs)        0008
_PORTDbits               (abs)        0008
_PORTEbits               (abs)        0009
_PR2                     (abs)        0092
_RCREG                   (abs)        001A
_RCSTAbits               (abs)        0018
_SPBRG                   (abs)        0099
_T1CONbits               (abs)        0010
_T2CONbits               (abs)        0012
_TMR1H                   (abs)        000F
_TMR1L                   (abs)        000E
_TRISA                   (abs)        0085
_TRISB                   (abs)        0086
_TRISC                   (abs)        0087
_TRISCbits               (abs)        0087
_TRISD                   (abs)        0088
_TRISDbits               (abs)        0088
_TRISE                   (abs)        0089
_TXREG                   (abs)        0019
_TXSTAbits               (abs)        0098
__Babs1                  abs1         4220
__Bbank0                 bank0        4220
__Bbank1                 bank1        4220
__Bbank2                 bank2        4220
__Bbank3                 bank3        4220
__BbssBANK0              bssBANK0     4220
__BbssCOMMON             bssCOMMON    4220
__Bclrtext               clrtext      4220
__Bcode                  code         4220
__Bcommon                common       4220
__BcstackBANK0           cstackBANK0  4220
__BcstackCOMMON          cstackCOMMON 4220
__BdataBANK0             dataBANK0    4220
__Beeprom_data           eeprom_data  2100
__BidataBANK0            idataBANK0   4220
__Bmaintext              maintext     4220
__Bram                   ram          4220
__Bsfr0                  sfr0         4220
__Bsfr1                  sfr1         4220
__Bsfr2                  sfr2         4220
__Bsfr3                  sfr3         4220
__Bstrings               strings      4220
__Btext                  text         4220
__Habs1                  abs1         0020
__Hbank0                 bank0        0020
__Hbank1                 bank1        0020
__Hbank2                 bank2        0020
__Hbank3                 bank3        0020
__HbssBANK0              bssBANK0     0020
__HbssCOMMON             bssCOMMON    0020
__Hcinit                 cinit        0036
__Hclrtext               clrtext      0020
__Hcode                  code         0020
__Hcommon                common       0020
__Hconfig                config       2008
__HcstackBANK0           cstackBANK0  0020
__HcstackCOMMON          cstackCOMMON 0020
__HdataBANK0             dataBANK0    0020
__Heeprom_data           eeprom_data  0010
__Hend_init              end_init     0015
__Hfunctab               functab      0000
__HidataBANK0            idataBANK0   0020
__Hinit                  init         0012
__Hintentry              intentry     0012
__Hmaintext              maintext     0020
__Hpowerup               powerup      0000
__Hram                   ram          0020
__Hreset_vec             reset_vec    0003
__Hsfr0                  sfr0         0020
__Hsfr1                  sfr1         0020
__Hsfr2                  sfr2         0020
__Hsfr3                  sfr3         0020
__Hspace_0               (abs)        0362
__Hspace_1               (abs)        007E
__Hspace_2               (abs)        0000
__Hspace_3               (abs)        0010
__Hspace_4               (abs)        400F
__Hstack                 stack        0000
__Hstrings               strings      0020
__Htext                  text         0020
__Labs1                  abs1         0020
__Lbank0                 bank0        0020
__Lbank1                 bank1        0020
__Lbank2                 bank2        0020
__Lbank3                 bank3        0020
__LbssBANK0              bssBANK0     0020
__LbssCOMMON             bssCOMMON    0020
__Lcinit                 cinit        0015
__Lclrtext               clrtext      0020
__Lcode                  code         0020
__Lcommon                common       0020
__Lconfig                config       0000
__LcstackBANK0           cstackBANK0  0020
__LcstackCOMMON          cstackCOMMON 0020
__LdataBANK0             dataBANK0    0020
__Leeprom_data           eeprom_data  0000
__Lend_init              end_init     0012
__Lfunctab               functab      0000
__LidataBANK0            idataBANK0   0020
__Linit                  init         0012
__Lintentry              intentry     0004
__Lmaintext              maintext     0020
__Lpowerup               powerup      0000
__Lram                   ram          0020
__Lreset_vec             reset_vec    0000
__Lsfr0                  sfr0         0020
__Lsfr1                  sfr1         0020
__Lsfr2                  sfr2         0020
__Lsfr3                  sfr3         0020
__Lspace_0               (abs)        0000
__Lspace_1               (abs)        0000
__Lspace_2               (abs)        0000
__Lspace_3               (abs)        0000
__Lspace_4               (abs)        0000
__Lstack                 stack        0000
__Lstrings               strings      0020
__Ltext                  text         0020
__S0                     (abs)        0362
__S1                     (abs)        007E
__S2                     (abs)        0000
__S3                     (abs)        2110
___awdiv                 text15       0036
___awdiv@counter         cstackCOMMON 0074
___awdiv@dividend        cstackCOMMON 0072
___awdiv@divisor         cstackCOMMON 0070
___awdiv@quotient        cstackCOMMON 0076
___awdiv@sign            cstackCOMMON 0075
___awmod                 text14       00FA
___awmod@counter         cstackCOMMON 0074
___awmod@dividend        cstackCOMMON 0072
___awmod@divisor         cstackCOMMON 0070
___awmod@sign            cstackCOMMON 0075
___int_sp                stack        0000
___latbits               (abs)        0002
___sp                    stack        0000
___stackhi               (abs)        0000
___stacklo               (abs)        0000
__end_of___awdiv         text15       009D
__end_of___awmod         text14       0153
__end_of__initialization cinit        0032
__end_of__stringtab      strings      0306
__end_of_adc_init        text11       0343
__end_of_atraso_ms       text8        027A
__end_of_display7s       text13       0201
__end_of_i2c_init        text10       0353
__end_of_intr_init       text9        035F
__end_of_lcd_cmd         text6        02EC
__end_of_lcd_dat         text4        02C6
__end_of_lcd_init        text5        01AA
__end_of_lcd_str         text3        02A0
__end_of_lcd_wr          text7        0359
__end_of_linha           strings      030A
__end_of_main            maintext     00FA
__end_of_serial_init     text2        0330
__end_of_timer1_init     text1        033A
__end_of_tmr1            text12       0252
__initialization         cinit        0015
__pbssBANK0              bssBANK0     0020
__pbssCOMMON             bssCOMMON    007C
__pcstackBANK0           cstackBANK0  0041
__pcstackCOMMON          cstackCOMMON 0070
__pdataBANK0             dataBANK0    0049
__pidataBANK0            idataBANK0   035F
__pintentry              intentry     0004
__pmaintext              maintext     009D
__pstrings               strings      0300
__ptext1                 text1        0330
__ptext10                text10       034B
__ptext11                text11       033A
__ptext12                text12       0201
__ptext13                text13       01AA
__ptext14                text14       00FA
__ptext15                text15       0036
__ptext2                 text2        0322
__ptext3                 text3        027A
__ptext4                 text4        02A0
__ptext5                 text5        0153
__ptext6                 text6        02C6
__ptext7                 text7        0353
__ptext8                 text8        0252
__ptext9                 text9        0359
__size_of___awdiv        (abs)        0000
__size_of___awmod        (abs)        0000
__size_of_adc_init       (abs)        0000
__size_of_atraso_ms      (abs)        0000
__size_of_display7s      (abs)        0000
__size_of_i2c_init       (abs)        0000
__size_of_intr_init      (abs)        0000
__size_of_lcd_cmd        (abs)        0000
__size_of_lcd_dat        (abs)        0000
__size_of_lcd_init       (abs)        0000
__size_of_lcd_str        (abs)        0000
__size_of_lcd_wr         (abs)        0000
__size_of_main           (abs)        0000
__size_of_serial_init    (abs)        0000
__size_of_timer1_init    (abs)        0000
__size_of_tmr1           (abs)        0000
__stringbase             strings      0305
__stringtab              strings      0300
_adc_init                text11       033A
_atraso_ms               text8        0252
_date                    bssBANK0     0034
_display7s               text13       01AA
_i2c_init                text10       034B
_i_7sd                   bssCOMMON    007D
_intr_init               text9        0359
_lcd_cmd                 text6        02C6
_lcd_dat                 text4        02A0
_lcd_init                text5        0153
_lcd_str                 text3        027A
_lcd_wr                  text7        0353
_linha                   strings      0306
_main                    maintext     009D
_measured_temperature    bssBANK0     003E
_serial_init             text2        0322
_set_temperature         dataBANK0    0049
_temps                   bssBANK0     0020
_time                    bssBANK0     002A
_timer1_init             text1        0330
_tmr1                    text12       0201
atraso_ms@i              cstackBANK0  0043
atraso_ms@j              cstackBANK0  0045
atraso_ms@valor          cstackBANK0  0041
btemp                    (abs)        007E
clear_ram0               clrtext      0343
display7s@v              cstackCOMMON 0070
end_of_initialization    cinit        0032
interrupt_function       intentry     0004
intlevel0                functab      0000
intlevel1                functab      0000
intlevel2                functab      0000
intlevel3                functab      0000
intlevel4                functab      0000
intlevel5                functab      0000
lcd_cmd@val              cstackBANK0  0046
lcd_dat@val              cstackBANK0  0046
lcd_str@i                cstackBANK0  0047
lcd_str@str              cstackBANK0  0048
lcd_wr@val               cstackBANK0  0041
reset_vec                reset_vec    0000
saved_w                  (abs)        007E
start                    init         0012
start_initialization     cinit        0015
wtemp0                   (abs)        007E


FUNCTION INFORMATION:

 *************** function _main *****************
 Defined at:
		line 190 in file "teste_b4.c"
 Parameters:    Size  Location     Type
		None
 Auto vars:     Size  Location     Type
  str             6    0        unsigned char [6]
  tmpi            2    0        unsigned int 
  tmp             1    0        unsigned char 
  i               1    0        unsigned char 
 Return value:  Size  Location     Type
                  1    wreg      void 
 Registers used:
		wreg, fsr0l, fsr0h, status,2, status,0, btemp+1, pclath, cstack
 Tracked objects:
		On entry : 
		On exit  : 
		Unchanged: 
 Data sizes:     COMMON   BANK0   BANK1   BANK3   BANK2
      Params:         0       0       0       0       0
      Locals:         0       0       0       0       0
      Temps:          0       0       0       0       0
      Totals:         0       0       0       0       0
Total ram usage:        0 bytes
 Hardware stack levels required when called:    5
 This function calls:
		_adc_init
		_i2c_init
		_intr_init
		_lcd_cmd
		_lcd_init
		_lcd_str
		_serial_init
		_timer1_init
 This function is called by:
		Startup code after reset
 This function uses a non-reentrant model


 *************** function _timer1_init *****************
 Defined at:
		line 174 in file "teste_b4.c"
 Parameters:    Size  Location     Type
		None
 Auto vars:     Size  Location     Type
		None
 Return value:  Size  Location     Type
                  1    wreg      void 
 Registers used:
		wreg
 Tracked objects:
		On entry : 
		On exit  : 
		Unchanged: 
 Data sizes:     COMMON   BANK0   BANK1   BANK3   BANK2
      Params:         0       0       0       0       0
      Locals:         0       0       0       0       0
      Temps:          0       0       0       0       0
      Totals:         0       0       0       0       0
Total ram usage:        0 bytes
 Hardware stack levels used:    1
 Hardware stack levels required when called:    2
 This function calls:
		Nothing
 This function is called by:
		_main
 This function uses a non-reentrant model


 *************** function _serial_init *****************
 Defined at:
		line 30 in file "serial.c"
 Parameters:    Size  Location     Type
		None
 Auto vars:     Size  Location     Type
		None
 Return value:  Size  Location     Type
                  1    wreg      void 
 Registers used:
		wreg
 Tracked objects:
		On entry : 
		On exit  : 
		Unchanged: 
 Data sizes:     COMMON   BANK0   BANK1   BANK3   BANK2
      Params:         0       0       0       0       0
      Locals:         0       0       0       0       0
      Temps:          0       0       0       0       0
      Totals:         0       0       0       0       0
Total ram usage:        0 bytes
 Hardware stack levels used:    1
 Hardware stack levels required when called:    2
 This function calls:
		Nothing
 This function is called by:
		_main
 This function uses a non-reentrant model


 *************** function _lcd_str *****************
 Defined at:
		line 76 in file "lcd.c"
 Parameters:    Size  Location     Type
  str             1    wreg     PTR const unsigned char 
		 -> STR_2(11), STR_1(13), 
 Auto vars:     Size  Location     Type
  str             1    7[BANK0 ] PTR const unsigned char 
		 -> STR_2(11), STR_1(13), 
  i               1    6[BANK0 ] unsigned char 
 Return value:  Size  Location     Type
                  1    wreg      void 
 Registers used:
		wreg, fsr0l, fsr0h, status,2, status,0, btemp+1, pclath, cstack
 Tracked objects:
		On entry : 
		On exit  : 
		Unchanged: 
 Data sizes:     COMMON   BANK0   BANK1   BANK3   BANK2
      Params:         0       0       0       0       0
      Locals:         0       2       0       0       0
      Temps:          0       0       0       0       0
      Totals:         0       2       0       0       0
Total ram usage:        2 bytes
 Hardware stack levels used:    1
 Hardware stack levels required when called:    4
 This function calls:
		_lcd_dat
 This function is called by:
		_main
 This function uses a non-reentrant model


 *************** function _lcd_dat *****************
 Defined at:
		line 46 in file "lcd.c"
 Parameters:    Size  Location     Type
  val             1    wreg     unsigned char 
 Auto vars:     Size  Location     Type
  val             1    5[BANK0 ] unsigned char 
 Return value:  Size  Location     Type
                  1    wreg      void 
 Registers used:
		wreg, status,2, status,0, btemp+1, pclath, cstack
 Tracked objects:
		On entry : 
		On exit  : 
		Unchanged: 
 Data sizes:     COMMON   BANK0   BANK1   BANK3   BANK2
      Params:         0       0       0       0       0
      Locals:         0       1       0       0       0
      Temps:          0       0       0       0       0
      Totals:         0       1       0       0       0
Total ram usage:        1 bytes
 Hardware stack levels used:    1
 Hardware stack levels required when called:    3
 This function calls:
		_atraso_ms
		_lcd_wr
 This function is called by:
		_lcd_str
 This function uses a non-reentrant model


 *************** function _lcd_init *****************
 Defined at:
		line 57 in file "lcd.c"
 Parameters:    Size  Location     Type
		None
 Auto vars:     Size  Location     Type
		None
 Return value:  Size  Location     Type
                  1    wreg      void 
 Registers used:
		wreg, status,2, status,0, btemp+1, pclath, cstack
 Tracked objects:
		On entry : 
		On exit  : 
		Unchanged: 
 Data sizes:     COMMON   BANK0   BANK1   BANK3   BANK2
      Params:         0       0       0       0       0
      Locals:         0       0       0       0       0
      Temps:          0       0       0       0       0
      Totals:         0       0       0       0       0
Total ram usage:        0 bytes
 Hardware stack levels used:    1
 Hardware stack levels required when called:    4
 This function calls:
		_atraso_ms
		_lcd_cmd
 This function is called by:
		_main
 This function uses a non-reentrant model


 *************** function _lcd_cmd *****************
 Defined at:
		line 35 in file "lcd.c"
 Parameters:    Size  Location     Type
  val             1    wreg     unsigned char 
 Auto vars:     Size  Location     Type
  val             1    5[BANK0 ] unsigned char 
 Return value:  Size  Location     Type
                  1    wreg      void 
 Registers used:
		wreg, status,2, status,0, btemp+1, pclath, cstack
 Tracked objects:
		On entry : 
		On exit  : 
		Unchanged: 
 Data sizes:     COMMON   BANK0   BANK1   BANK3   BANK2
      Params:         0       0       0       0       0
      Locals:         0       1       0       0       0
      Temps:          0       0       0       0       0
      Totals:         0       1       0       0       0
Total ram usage:        1 bytes
 Hardware stack levels used:    1
 Hardware stack levels required when called:    3
 This function calls:
		_atraso_ms
		_lcd_wr
 This function is called by:
		_lcd_init
		_main
 This function uses a non-reentrant model


 *************** function _lcd_wr *****************
 Defined at:
		line 30 in file "lcd.c"
 Parameters:    Size  Location     Type
  val             1    wreg     unsigned char 
 Auto vars:     Size  Location     Type
  val             1    0[BANK0 ] unsigned char 
 Return value:  Size  Location     Type
                  1    wreg      void 
 Registers used:
		wreg
 Tracked objects:
		On entry : 
		On exit  : 
		Unchanged: 
 Data sizes:     COMMON   BANK0   BANK1   BANK3   BANK2
      Params:         0       0       0       0       0
      Locals:         0       1       0       0       0
      Temps:          0       0       0       0       0
      Totals:         0       1       0       0       0
Total ram usage:        1 bytes
 Hardware stack levels used:    1
 Hardware stack levels required when called:    2
 This function calls:
		Nothing
 This function is called by:
		_lcd_cmd
		_lcd_dat
 This function uses a non-reentrant model


 *************** function _atraso_ms *****************
 Defined at:
		line 26 in file "atraso.c"
 Parameters:    Size  Location     Type
  valor           2    0[BANK0 ] unsigned int 
 Auto vars:     Size  Location     Type
  i               2    2[BANK0 ] unsigned int 
  j               1    4[BANK0 ] unsigned char 
 Return value:  Size  Location     Type
                  1    wreg      void 
 Registers used:
		wreg, status,2, status,0, btemp+1
 Tracked objects:
		On entry : 
		On exit  : 
		Unchanged: 
 Data sizes:     COMMON   BANK0   BANK1   BANK3   BANK2
      Params:         0       2       0       0       0
      Locals:         0       3       0       0       0
      Temps:          0       0       0       0       0
      Totals:         0       5       0       0       0
Total ram usage:        5 bytes
 Hardware stack levels used:    1
 Hardware stack levels required when called:    2
 This function calls:
		Nothing
 This function is called by:
		_lcd_cmd
		_lcd_dat
		_lcd_init
		_serial_rx
		_tc_tecla
		_ssd
 This function uses a non-reentrant model


 *************** function _intr_init *****************
 Defined at:
		line 167 in file "teste_b4.c"
 Parameters:    Size  Location     Type
		None
 Auto vars:     Size  Location     Type
		None
 Return value:  Size  Location     Type
                  1    wreg      void 
 Registers used:
		None
 Tracked objects:
		On entry : 
		On exit  : 
		Unchanged: 
 Data sizes:     COMMON   BANK0   BANK1   BANK3   BANK2
      Params:         0       0       0       0       0
      Locals:         0       0       0       0       0
      Temps:          0       0       0       0       0
      Totals:         0       0       0       0       0
Total ram usage:        0 bytes
 Hardware stack levels used:    1
 Hardware stack levels required when called:    2
 This function calls:
		Nothing
 This function is called by:
		_main
 This function uses a non-reentrant model


 *************** function _i2c_init *****************
 Defined at:
		line 44 in file "i2c.c"
 Parameters:    Size  Location     Type
		None
 Auto vars:     Size  Location     Type
		None
 Return value:  Size  Location     Type
                  1    wreg      void 
 Registers used:
		None
 Tracked objects:
		On entry : 
		On exit  : 
		Unchanged: 
 Data sizes:     COMMON   BANK0   BANK1   BANK3   BANK2
      Params:         0       0       0       0       0
      Locals:         0       0       0       0       0
      Temps:          0       0       0       0       0
      Totals:         0       0       0       0       0
Total ram usage:        0 bytes
 Hardware stack levels used:    1
 Hardware stack levels required when called:    2
 This function calls:
		Nothing
 This function is called by:
		_main
 This function uses a non-reentrant model


 *************** function _adc_init *****************
 Defined at:
		line 30 in file "adc.c"
 Parameters:    Size  Location     Type
		None
 Auto vars:     Size  Location     Type
		None
 Return value:  Size  Location     Type
                  1    wreg      void 
 Registers used:
		wreg
 Tracked objects:
		On entry : 
		On exit  : 
		Unchanged: 
 Data sizes:     COMMON   BANK0   BANK1   BANK3   BANK2
      Params:         0       0       0       0       0
      Locals:         0       0       0       0       0
      Temps:          0       0       0       0       0
      Totals:         0       0       0       0       0
Total ram usage:        0 bytes
 Hardware stack levels used:    1
 Hardware stack levels required when called:    2
 This function calls:
		Nothing
 This function is called by:
		_main
		_adc_sample
 This function uses a non-reentrant model


 *************** function _tmr1 *****************
 Defined at:
		line 145 in file "teste_b4.c"
 Parameters:    Size  Location     Type
		None
 Auto vars:     Size  Location     Type
		None
 Return value:  Size  Location     Type
                  1    wreg      void 
 Registers used:
		wreg, fsr0l, fsr0h, status,2, status,0, btemp+1, pclath, cstack
 Tracked objects:
		On entry : 
		On exit  : 
		Unchanged: 
 Data sizes:     COMMON   BANK0   BANK1   BANK3   BANK2
      Params:         0       0       0       0       0
      Locals:         0       0       0       0       0
      Temps:          4       0       0       0       0
      Totals:         4       0       0       0       0
Total ram usage:        4 bytes
 Hardware stack levels used:    1
 Hardware stack levels required when called:    1
 This function calls:
		___awdiv
		___awmod
		_display7s
 This function is called by:
		Interrupt level 1
 This function uses a non-reentrant model


 *************** function _display7s *****************
 Defined at:
		line 35 in file "display7s.c"
 Parameters:    Size  Location     Type
  v               1    wreg     unsigned char 
 Auto vars:     Size  Location     Type
  v               1    0[COMMON] unsigned char 
 Return value:  Size  Location     Type
                  1    wreg      unsigned char 
 Registers used:
		wreg, fsr0l, fsr0h, status,2, status,0
 Tracked objects:
		On entry : 
		On exit  : 
		Unchanged: 
 Data sizes:     COMMON   BANK0   BANK1   BANK3   BANK2
      Params:         0       0       0       0       0
      Locals:         1       0       0       0       0
      Temps:          0       0       0       0       0
      Totals:         1       0       0       0       0
Total ram usage:        1 bytes
 Hardware stack levels used:    1
 This function calls:
		Nothing
 This function is called by:
		_tmr1
		_ssd
 This function uses a non-reentrant model


 *************** function ___awmod *****************
 Defined at:
		line 5 in file "C:\Program Files\Microchip\xc8\v2.20\pic\sources\c90\common\awmod.c"
 Parameters:    Size  Location     Type
  divisor         2    0[COMMON] int 
  dividend        2    2[COMMON] int 
 Auto vars:     Size  Location     Type
  sign            1    5[COMMON] unsigned char 
  counter         1    4[COMMON] unsigned char 
 Return value:  Size  Location     Type
                  2    0[COMMON] int 
 Registers used:
		wreg, status,2, status,0, btemp+1
 Tracked objects:
		On entry : 
		On exit  : 
		Unchanged: 
 Data sizes:     COMMON   BANK0   BANK1   BANK3   BANK2
      Params:         4       0       0       0       0
      Locals:         2       0       0       0       0
      Temps:          0       0       0       0       0
      Totals:         6       0       0       0       0
Total ram usage:        6 bytes
 Hardware stack levels used:    1
 This function calls:
		Nothing
 This function is called by:
		_tmr1
		_ssd
 This function uses a non-reentrant model


 *************** function ___awdiv *****************
 Defined at:
		line 5 in file "C:\Program Files\Microchip\xc8\v2.20\pic\sources\c90\common\awdiv.c"
 Parameters:    Size  Location     Type
  divisor         2    0[COMMON] int 
  dividend        2    2[COMMON] int 
 Auto vars:     Size  Location     Type
  quotient        2    6[COMMON] int 
  sign            1    5[COMMON] unsigned char 
  counter         1    4[COMMON] unsigned char 
 Return value:  Size  Location     Type
                  2    0[COMMON] int 
 Registers used:
		wreg, status,2, status,0, btemp+1
 Tracked objects:
		On entry : 
		On exit  : 
		Unchanged: 
 Data sizes:     COMMON   BANK0   BANK1   BANK3   BANK2
      Params:         4       0       0       0       0
      Locals:         4       0       0       0       0
      Temps:          0       0       0       0       0
      Totals:         8       0       0       0       0
Total ram usage:        8 bytes
 Hardware stack levels used:    1
 This function calls:
		Nothing
 This function is called by:
		_tmr1
		_ssd
		_calc_acg
 This function uses a non-reentrant model



MODULE INFORMATION

Module		Function		Class		Link	Load	Size
serial.c
		_serial_init   		CODE           	0322	0000	15

serial.c estimated size: 15

teste_b4.c
		_main          		CODE           	009D	0000	94
		_intr_init     		CODE           	0359	0000	7
		_tmr1          		CODE           	0201	0000	82
		_timer1_init   		CODE           	0330	0000	11

teste_b4.c estimated size: 194

i2c.c
		_i2c_init      		CODE           	034B	0000	9

i2c.c estimated size: 9

display7s.c
		_display7s     		CODE           	01AA	0000	88

display7s.c estimated size: 88

atraso.c
		_atraso_ms     		CODE           	0252	0000	41

atraso.c estimated size: 41

adc.c
		_adc_init      		CODE           	033A	0000	10

adc.c estimated size: 10

C:\Program Files\Microchip\xc8\v2.20\pic\sources\c90\common\awmod.c
		___awmod       		CODE           	00FA	0000	90

C:\Program Files\Microchip\xc8\v2.20\pic\sources\c90\common\awmod.c estimated size: 90

shared
		__stringtab    		STRING         	0300	0000	7
		__initialization		CODE           	0015	0000	30
		_linha         		STRING         	0306	0000	5

shared estimated size: 42

lcd.c
		_lcd_cmd       		CODE           	02C6	0000	39
		_lcd_dat       		CODE           	02A0	0000	39
		_lcd_wr        		CODE           	0353	0000	7
		_lcd_str       		CODE           	027A	0000	39
		_lcd_init      		CODE           	0153	0000	88

lcd.c estimated size: 212

C:\Program Files\Microchip\xc8\v2.20\pic\sources\c90\common\awdiv.c
		___awdiv       		CODE           	0036	0000	104

C:\Program Files\Microchip\xc8\v2.20\pic\sources\c90\common\awdiv.c estimated size: 104

