Microchip MPLAB XC8 Compiler V2.20

Linker command line:

--edf=C:\Program Files\Microchip\xc8\v2.20\pic\dat\en_msgs.txt -cn \
  -h+dist/16F877A/debug\water_heater.X.debug.sym \
  --cmf=dist/16F877A/debug\water_heater.X.debug.cmf -z -Q16F877A \
  -oC:\Users\MOHAMM~1\AppData\Local\Temp\sjhg.2 --defsym=__MPLAB_BUILD=1 \
  -Mdist/16F877A/debug/water_heater.X.debug.map -E1 -ver=XC8 Compiler \
  --acfsm=1493 -ASTACK=0110h-016Fh -pstack=STACK -ACODE=00h-07FFhx4 \
  -ASTRCODE=00h-01FFFh -ASTRING=00h-0FFhx32 -ACONST=00h-0FFhx32 \
  -AENTRY=00h-0FFhx32 -ACOMMON=070h-07Fh -ABANK0=020h-06Fh \
  -ABANK1=0A0h-0EFh -ABANK2=0110h-016Fh -ABANK3=0190h-01EFh \
  -ARAM=020h-06Fh,0A0h-0EFh,0110h-016Fh,0190h-01EFh \
  -AABS1=020h-07Fh,0A0h-0EFh,0110h-016Fh,0190h-01EFh -ASFR0=00h-01Fh \
  -ASFR1=080h-09Fh -ASFR2=0100h-010Fh -ASFR3=0180h-018Fh \
  -ACONFIG=02007h-02007h -DCONFIG=2 -AIDLOC=02000h-02003h -DIDLOC=2 \
  -preset_vec=00h,intentry=04h,init,end_init -ppowerup=CODE -pcinit=CODE \
  -pfunctab=ENTRY -AEEDATA=00h-0FFh/02100h -peeprom_data=EEDATA -DEEDATA=2 \
  -DCODE=2 -DSTRCODE=2 -DSTRING=2 -DCONST=2 -DENTRY=2 -k \
  C:\Users\MOHAMM~1\AppData\Local\Temp\sjhg.o \
  dist/16F877A/debug\water_heater.X.debug.o 

Object code version is 3.11

Machine type is 16F877A



                Name                               Link     Load   Length Selector   Space Scale
C:\Users\MOHAMM~1\AppData\Local\Temp\sjhg.o
                end_init                             12       12        3        8       0
                reset_vec                             0        0        3        0       0
                config                             2007     2007        1        0       4
dist/16F877A/debug\water_heater.X.debug.o
                cinit                                15       15       39        8       0
                intentry                              4        4        E        8       0
                config                             2007     2007        1        0       4
                text34                              7CD      7CD        9      F62       0
                text33                              43B      43B       50        8       0
                text32                              77D      77D       12        8       0
                text31                              76B      76B       12        8       0
                text30                              630      630       3E        8       0
                text29                              4D9      4D9       4D        8       0
                text28                              27B      27B       65        8       0
                text27                              5B2      5B2       40        8       0
                text26                              6DC      6DC       2B        8       0
                text25                              7F4      7F4        5      F62       0
                text24                              56C      56C       46        8       0
                text23                              526      526       46        8       0
                text22                              6A8      6A8       34        8       0
                text21                              2E0      2E0       5A        8       0
                text20                              66E      66E       3A        8       0
                text19                              393      393       57        8       0
                text18                              10C      10C       97        8       0
                text17                              1A3      1A3       6D        8       0
                text16                              79B      79B        C        8       0
                text15                              78F      78F        C        8       0
                text14                              727      727       20        8       0
                text13                              707      707       20        8       0
                text12                              7E6      7E6        8      F62       0
                text11                              7DE      7DE        8      F62       0
                text10                              7C4      7C4        9      F62       0
                text9                               48B      48B       4E        8       0
                text8                               759      759       12        8       0
                text7                               747      747       12        8       0
                text6                               5F2      5F2       3E        8       0
                text5                               33A      33A       59        8       0
                text4                               210      210       6B        8       0
                text3                               3EA      3EA       51        8       0
                text2                               7BB      7BB        9      F62       0
                text1                               7B1      7B1        A      F62       0
                maintext                             4E       4E       BE        8       0
                cstackBANK0                          20       20       21       20       1
                cstackCOMMON                         70       70        E       70       1
                cstackBANK1                          BE       BE        F       A0       1
                clrtext                             7D6      7D6        8      F62       0
                bssBANK1                             A0       A0       1E       A0       1
                dataBANK0                            52       52        6       20       1
                bssBANK0                             41       41       11       20       1
                strings                             7A7      7A7        A      F4E       0
                idataBANK0                          7EE      7EE        6      F62       0

TOTAL           Name                               Link     Load   Length     Space
        CLASS   STACK          

        CLASS   CODE           
                end_init                             12       12        3         0
                cinit                                15       15       39         0
                intentry                              4        4        E         0
                reset_vec                             0        0        3         0
                text34                              7CD      7CD        9         0
                text33                              43B      43B       50         0
                text32                              77D      77D       12         0
                text31                              76B      76B       12         0
                text30                              630      630       3E         0
                text29                              4D9      4D9       4D         0
                text28                              27B      27B       65         0
                text27                              5B2      5B2       40         0
                text26                              6DC      6DC       2B         0
                text25                              7F4      7F4        5         0
                text24                              56C      56C       46         0
                text23                              526      526       46         0
                text22                              6A8      6A8       34         0
                text21                              2E0      2E0       5A         0
                text20                              66E      66E       3A         0
                text19                              393      393       57         0
                text18                              10C      10C       97         0
                text17                              1A3      1A3       6D         0
                text16                              79B      79B        C         0
                text15                              78F      78F        C         0
                text14                              727      727       20         0
                text13                              707      707       20         0
                text12                              7E6      7E6        8         0
                text11                              7DE      7DE        8         0
                text10                              7C4      7C4        9         0
                text9                               48B      48B       4E         0
                text8                               759      759       12         0
                text7                               747      747       12         0
                text6                               5F2      5F2       3E         0
                text5                               33A      33A       59         0
                text4                               210      210       6B         0
                text3                               3EA      3EA       51         0
                text2                               7BB      7BB        9         0
                text1                               7B1      7B1        A         0
                maintext                             4E       4E       BE         0
                clrtext                             7D6      7D6        8         0
                idataBANK0                          7EE      7EE        6         0

        CLASS   STRCODE        

        CLASS   STRING         
                strings                             7A7      7A7        A         0

        CLASS   CONST          

        CLASS   ENTRY          

        CLASS   COMMON         
                cstackCOMMON                         70       70        E         1

        CLASS   BANK0          
                cstackBANK0                          20       20       21         1
                dataBANK0                            52       52        6         1
                bssBANK0                             41       41       11         1

        CLASS   BANK1          
                cstackBANK1                          BE       BE        F         1
                bssBANK1                             A0       A0       1E         1

        CLASS   BANK2          

        CLASS   BANK3          

        CLASS   RAM            

        CLASS   ABS1           
                abs_s1                               7E       7E        2         1

        CLASS   SFR0           

        CLASS   SFR1           

        CLASS   SFR2           

        CLASS   SFR3           

        CLASS   CONFIG         
                config                             2007     2007        1         4

        CLASS   IDLOC          

        CLASS   EEDATA         



SEGMENTS        Name                           Load    Length   Top    Selector   Space  Class     Delta

                reset_vec                      000000  000003  000003         0       0  CODE        2
                intentry                       000004  0007A3  0007A7         8       0  CODE        2
                cstackBANK0                    000020  000038  000058        20       1  BANK0       1
                cstackCOMMON                   000070  00000E  00007E        70       1  COMMON      1
                bssBANK1                       0000A0  00002D  0000CD        A0       1  BANK1       1
                strings                        0007A7  00000A  0007B1       F4E       0  STRING      2
                text1                          0007B1  000048  0007F9       F62       0  CODE        2


UNUSED ADDRESS RANGES

        Name                Unused          Largest block    Delta
        BANK0            0058-006F             18           1
        BANK1            00CD-00EF             23           1
        BANK2            0110-016F             60           1
        BANK3            0190-01EF             60           1
        CODE             0003-0003              1           2
                         07F9-1FFF            800
        CONST            0003-0003              1           2
                         07F9-1FFF            100
        EEDATA           2100-21FF            100           2
        ENTRY            0003-0003              1           2
                         07F9-1FFF            100
        IDLOC            2000-2003              4           2
        RAM              0058-006F             18           1
                         00CD-00EF             23
                         0110-016F             60
                         0190-01EF             60
        SFR0             0000-001F             20           1
        SFR1             0080-009F             20           1
        SFR2             0100-010F             10           1
        SFR3             0180-018F             10           1
        STACK            0110-016F             60           1
        STRCODE          0003-0003              1           2
                         07F9-1FFF           1807
        STRING           0003-0003              1           2
                         07F9-1FFF            100

                                  Symbol Table

?___lwdiv                               cstackBANK0  0022
?___lwmod                               cstackCOMMON 0070
?___wmul                                cstackCOMMON 007A
?_adc_sample                            cstackCOMMON 0070
?_calc_avg                              cstackBANK0  0029
_ADCON0                                 (abs)        001F
_ADCON0bits                             (abs)        001F
_ADCON1                                 (abs)        009F
_ADRESH                                 (abs)        001E
_ADRESL                                 (abs)        009E
_CCP1CON                                (abs)        0017
_CCPR1L                                 (abs)        0015
_EEADR                                  (abs)        010D
_EECON1bits                             (abs)        018C
_EECON2                                 (abs)        018D
_EEDATA                                 (abs)        010C
_GIE                                    (abs)        005F
_INTE                                   (abs)        005C
_INTF                                   (abs)        0059
_ISR                                    text17       01A3
_ISR$515                                cstackBANK0  0036
_OPTION_REG                             (abs)        0081
_PEIE                                   (abs)        005E
_PIR1bits                               (abs)        000C
_PORTA                                  (abs)        0005
_PORTB                                  (abs)        0006
_PORTCbits                              (abs)        0007
_PORTD                                  (abs)        0008
_PORTDbits                              (abs)        0008
_PORTEbits                              (abs)        0009
_PR2                                    (abs)        0092
_RB1                                    (abs)        0031
_RB2                                    (abs)        0032
_RB6                                    (abs)        0036
_RC2                                    (abs)        003A
_RC5                                    (abs)        003D
_RCREG                                  (abs)        001A
_RCSTAbits                              (abs)        0018
_SPBRG                                  (abs)        0099
_T1CKPS0                                (abs)        0084
_T1CKPS1                                (abs)        0085
_T2CONbits                              (abs)        0012
_TMR0                                   (abs)        0001
_TMR0IE                                 (abs)        005D
_TMR0IF                                 (abs)        005A
_TMR1H                                  (abs)        000F
_TMR1IE                                 (abs)        0460
_TMR1IF                                 (abs)        0060
_TMR1L                                  (abs)        000E
_TMR1ON                                 (abs)        0080
_TRISA                                  (abs)        0085
_TRISB                                  (abs)        0086
_TRISC                                  (abs)        0087
_TRISCbits                              (abs)        0087
_TRISD                                  (abs)        0088
_TRISDbits                              (abs)        0088
_TRISE                                  (abs)        0089
_TXREG                                  (abs)        0019
_TXSTAbits                              (abs)        0098
__1s_handler                            text27       05B2
__1s_handler$500                        cstackBANK0  0025
__7sd_mask                              dataBANK0    0056
__Habs1                                 abs1         0000
__Hbank0                                bank0        0000
__Hbank1                                bank1        0000
__Hbank2                                bank2        0000
__Hbank3                                bank3        0000
__HbssBANK0                             bssBANK0     0000
__HbssBANK1                             bssBANK1     0000
__Hcinit                                cinit        004E
__Hclrtext                              clrtext      0000
__Hcode                                 code         0000
__Hcommon                               common       0000
__Hconfig                               config       2008
__HcstackBANK0                          cstackBANK0  0000
__HcstackBANK1                          cstackBANK1  0000
__HcstackCOMMON                         cstackCOMMON 0000
__HdataBANK0                            dataBANK0    0000
__Heeprom_data                          eeprom_data  0000
__Hend_init                             end_init     0015
__Hfunctab                              functab      0000
__HidataBANK0                           idataBANK0   0000
__Hinit                                 init         0012
__Hintentry                             intentry     0012
__Hmaintext                             maintext     0000
__Hpowerup                              powerup      0000
__Hram                                  ram          0000
__Hreset_vec                            reset_vec    0003
__Hsfr0                                 sfr0         0000
__Hsfr1                                 sfr1         0000
__Hsfr2                                 sfr2         0000
__Hsfr3                                 sfr3         0000
__Hspace_0                              (abs)        07F9
__Hspace_1                              (abs)        00CD
__Hspace_2                              (abs)        0000
__Hspace_3                              (abs)        0000
__Hspace_4                              (abs)        400F
__Hstack                                stack        0000
__Hstrings                              strings      0000
__Htext                                 text         0000
__Labs1                                 abs1         0000
__Lbank0                                bank0        0000
__Lbank1                                bank1        0000
__Lbank2                                bank2        0000
__Lbank3                                bank3        0000
__LbssBANK0                             bssBANK0     0000
__LbssBANK1                             bssBANK1     0000
__Lcinit                                cinit        0015
__Lclrtext                              clrtext      0000
__Lcode                                 code         0000
__Lcommon                               common       0000
__Lconfig                               config       0000
__LcstackBANK0                          cstackBANK0  0000
__LcstackBANK1                          cstackBANK1  0000
__LcstackCOMMON                         cstackCOMMON 0000
__LdataBANK0                            dataBANK0    0000
__Leeprom_data                          eeprom_data  0000
__Lend_init                             end_init     0012
__Lfunctab                              functab      0000
__LidataBANK0                           idataBANK0   0000
__Linit                                 init         0012
__Lintentry                             intentry     0004
__Lmaintext                             maintext     0000
__Lpowerup                              powerup      0000
__Lram                                  ram          0000
__Lreset_vec                            reset_vec    0000
__Lsfr0                                 sfr0         0000
__Lsfr1                                 sfr1         0000
__Lsfr2                                 sfr2         0000
__Lsfr3                                 sfr3         0000
__Lspace_0                              (abs)        0000
__Lspace_1                              (abs)        0000
__Lspace_2                              (abs)        0000
__Lspace_3                              (abs)        0000
__Lspace_4                              (abs)        0000
__Lstack                                stack        0000
__Lstrings                              strings      0000
__Ltext                                 text         0000
__S0                                    (abs)        07F9
__S1                                    (abs)        00CD
__S2                                    (abs)        0000
__S3                                    (abs)        0000
___int_sp                               stack        0000
___latbits                              (abs)        0002
___lwdiv                                text23       0526
___lwdiv@counter                        cstackBANK0  0028
___lwdiv@dividend                       cstackBANK0  0024
___lwdiv@divisor                        cstackBANK0  0022
___lwdiv@quotient                       cstackBANK0  0026
___lwmod                                text20       066E
___lwmod@counter                        cstackCOMMON 0074
___lwmod@dividend                       cstackCOMMON 0072
___lwmod@divisor                        cstackCOMMON 0070
___sp                                   stack        0000
___stackhi                              (abs)        0000
___stacklo                              (abs)        0000
___wmul                                 text26       06DC
___wmul@multiplicand                    cstackCOMMON 007C
___wmul@multiplier                      cstackCOMMON 007A
___wmul@product                         cstackBANK0  0020
__end_of_ISR                            text17       0210
__end_of__1s_handler                    text27       05F2
__end_of___lwdiv                        text23       056C
__end_of___lwmod                        text20       06A8
__end_of___wmul                         text26       0707
__end_of__initialization                cinit        004A
__end_of__stringtab                     strings      07AD
__end_of_activate_cooler                text16       07A7
__end_of_activate_heater                text15       079B
__end_of_adc_init                       text25       07F9
__end_of_adc_sample                     text24       05B2
__end_of_adc_sample_and_update_average  text21       033A
__end_of_calc_avg                       text22       06DC
__end_of_deactivate_cooler              text14       0747
__end_of_deactivate_heater              text13       0727
__end_of_delay                          text10       07CD
__end_of_display7s                      text19       03EA
__end_of_e2pext_r                       text5        0393
__end_of_e2pext_w                       text4        027B
__end_of_i2c_init                       text12       07EE
__end_of_i2c_rb                         text9        04D9
__end_of_i2c_start                      text8        076B
__end_of_i2c_stop                       text7        0759
__end_of_i2c_wb                         text6        0630
__end_of_interrupts_init                text11       07E6
__end_of_linha                          strings      07B1
__end_of_main                           maintext     010C
__end_of_set_temp_exteeprom_check       text3        043B
__end_of_show_7sd                       text18       01A3
__end_of_timer0_init                    text2        07C4
__end_of_timer1_init                    text1        07BB
__end_ofi1_delay                        text34       07D6
__end_ofi1_e2pext_r                     text29       0526
__end_ofi1_e2pext_w                     text28       02E0
__end_ofi1_i2c_rb                       text33       048B
__end_ofi1_i2c_start                    text32       078F
__end_ofi1_i2c_stop                     text31       077D
__end_ofi1_i2c_wb                       text30       066E
__initialization                        cinit        0015
__pbssBANK0                             bssBANK0     0041
__pbssBANK1                             bssBANK1     00A0
__pcstackBANK0                          cstackBANK0  0020
__pcstackBANK1                          cstackBANK1  00BE
__pcstackCOMMON                         cstackCOMMON 0070
__pdataBANK0                            dataBANK0    0052
__pidataBANK0                           idataBANK0   07EE
__pintentry                             intentry     0004
__pmaintext                             maintext     004E
__pstrings                              strings      07A7
__ptext1                                text1        07B1
__ptext10                               text10       07C4
__ptext11                               text11       07DE
__ptext12                               text12       07E6
__ptext13                               text13       0707
__ptext14                               text14       0727
__ptext15                               text15       078F
__ptext16                               text16       079B
__ptext17                               text17       01A3
__ptext18                               text18       010C
__ptext19                               text19       0393
__ptext2                                text2        07BB
__ptext20                               text20       066E
__ptext21                               text21       02E0
__ptext22                               text22       06A8
__ptext23                               text23       0526
__ptext24                               text24       056C
__ptext25                               text25       07F4
__ptext26                               text26       06DC
__ptext27                               text27       05B2
__ptext28                               text28       027B
__ptext29                               text29       04D9
__ptext3                                text3        03EA
__ptext30                               text30       0630
__ptext31                               text31       076B
__ptext32                               text32       077D
__ptext33                               text33       043B
__ptext34                               text34       07CD
__ptext4                                text4        0210
__ptext5                                text5        033A
__ptext6                                text6        05F2
__ptext7                                text7        0747
__ptext8                                text8        0759
__ptext9                                text9        048B
__size_of_ISR                           (abs)        0000
__size_of__1s_handler                   (abs)        0000
__size_of___lwdiv                       (abs)        0000
__size_of___lwmod                       (abs)        0000
__size_of___wmul                        (abs)        0000
__size_of_activate_cooler               (abs)        0000
__size_of_activate_heater               (abs)        0000
__size_of_adc_init                      (abs)        0000
__size_of_adc_sample                    (abs)        0000
__size_of_adc_sample_and_update_average (abs)        0000
__size_of_calc_avg                      (abs)        0000
__size_of_deactivate_cooler             (abs)        0000
__size_of_deactivate_heater             (abs)        0000
__size_of_delay                         (abs)        0000
__size_of_display7s                     (abs)        0000
__size_of_e2pext_r                      (abs)        0000
__size_of_e2pext_w                      (abs)        0000
__size_of_i2c_init                      (abs)        0000
__size_of_i2c_rb                        (abs)        0000
__size_of_i2c_start                     (abs)        0000
__size_of_i2c_stop                      (abs)        0000
__size_of_i2c_wb                        (abs)        0000
__size_of_interrupts_init               (abs)        0000
__size_of_main                          (abs)        0000
__size_of_set_temp_exteeprom_check      (abs)        0000
__size_of_show_7sd                      (abs)        0000
__size_of_timer0_init                   (abs)        0000
__size_of_timer1_init                   (abs)        0000
__size_ofi1_delay                       (abs)        0000
__size_ofi1_e2pext_r                    (abs)        0000
__size_ofi1_e2pext_w                    (abs)        0000
__size_ofi1_i2c_rb                      (abs)        0000
__size_ofi1_i2c_start                   (abs)        0000
__size_ofi1_i2c_stop                    (abs)        0000
__size_ofi1_i2c_wb                      (abs)        0000
__stringbase                            strings      07AC
__stringtab                             strings      07A7
_activate_cooler                        text16       079B
_activate_heater                        text15       078F
_adc_init                               text25       07F4
_adc_sample                             text24       056C
_adc_sample_and_update_average          text21       02E0
_avg_measured_temperature               dataBANK0    0054
_calc_avg                               text22       06A8
_cooler_on                              bssBANK0     0050
_date                                   bssBANK0     0041
_deactivate_cooler                      text14       0727
_deactivate_heater                      text13       0707
_delay                                  text10       07C4
_display7s                              text19       0393
_e2pext_r                               text5        033A
_e2pext_w                               text4        0210
_heater_on                              bssBANK0     0051
_i2c_init                               text12       07E6
_i2c_rb                                 text9        048B
_i2c_start                              text8        0759
_i2c_stop                               text7        0747
_i2c_wb                                 text6        05F2
_i_7sd                                  bssBANK0     004D
_interrupts_init                        text11       07DE
_linha                                  strings      07AD
_main                                   maintext     004E
_n_blinks                               bssBANK0     004F
_set_temp_exteeprom_check               text3        03EA
_set_temperature                        dataBANK0    0052
_show_7sd                               text18       010C
_state                                  dataBANK0    0057
_t_1sec                                 bssBANK0     004E
_temps                                  bssBANK1     00A0
_temps_iterator                         bssBANK0     004B
_time                                   bssBANK1     00B4
_timer0_init                            text2        07BB
_timer1_init                            text1        07B1
adc_sample@canal                        cstackCOMMON 0079
btemp                                   (abs)        007E
calc_avg@avg                            cstackBANK0  002E
calc_avg@i                              cstackBANK0  0030
clear_ram0                              clrtext      07D6
display7s@v                             cstackCOMMON 0070
e2pext_r@addr                           cstackBANK0  003C
e2pext_r@ah                             cstackBANK0  0040
e2pext_r@al                             cstackBANK0  003F
e2pext_r@ret                            cstackBANK0  003E
e2pext_w@addr                           cstackBANK1  00BE
e2pext_w@ah                             cstackBANK1  00C3
e2pext_w@al                             cstackBANK1  00C4
e2pext_w@nt                             cstackBANK1  00C5
e2pext_w@tmp                            cstackBANK1  00C6
e2pext_w@val                            cstackBANK1  00C0
end_of_initialization                   cinit        004A
i1_delay                                text34       07CD
i1_e2pext_r                             text29       04D9
i1_e2pext_w                             text28       027B
i1_i2c_rb                               text33       043B
i1_i2c_start                            text32       077D
i1_i2c_stop                             text31       076B
i1_i2c_wb                               text30       0630
i1e2pext_r@addr                         cstackCOMMON 0074
i1e2pext_r@ah                           cstackCOMMON 0078
i1e2pext_r@al                           cstackCOMMON 0077
i1e2pext_r@ret                          cstackCOMMON 0076
i1e2pext_w@addr                         cstackCOMMON 0079
i1e2pext_w@ah                           cstackBANK0  0020
i1e2pext_w@al                           cstackBANK0  0021
i1e2pext_w@nt                           cstackBANK0  0022
i1e2pext_w@tmp                          cstackBANK0  0023
i1e2pext_w@val                          cstackCOMMON 007B
i1i2c_rb@ack                            cstackCOMMON 0071
i1i2c_rb@i                              cstackCOMMON 0073
i1i2c_rb@ret                            cstackCOMMON 0072
i1i2c_wb@i                              cstackCOMMON 0073
i1i2c_wb@val                            cstackCOMMON 0072
i2c_rb@ack                              cstackBANK0  0039
i2c_rb@i                                cstackBANK0  003B
i2c_rb@ret                              cstackBANK0  003A
i2c_wb@i                                cstackBANK0  003B
i2c_wb@val                              cstackBANK0  003A
interrupt_function                      intentry     0004
intlevel0                               functab      0000
intlevel1                               functab      0000
intlevel2                               functab      0000
intlevel3                               functab      0000
intlevel4                               functab      0000
intlevel5                               functab      0000
main@difference                         cstackBANK1  00CB
reset_vec                               reset_vec    0000
saved_w                                 (abs)        007E
set_temp_exteeprom_check@read_char      cstackBANK1  00CA
start                                   init         0012
start_initialization                    cinit        0015
wtemp0                                  (abs)        007E


FUNCTION INFORMATION:

 *************** function _main *****************
 Defined at:
		line 316 in file "teste_b4.c"
 Parameters:    Size  Location     Type
		None
 Auto vars:     Size  Location     Type
  difference      2   13[BANK1 ] int 
 Return value:  Size  Location     Type
                  1    wreg      void 
 Registers used:
		wreg, status,2, status,0, btemp+1, pclath, cstack
 Tracked objects:
		On entry : 
		On exit  : 
		Unchanged: 
 Data sizes:     COMMON   BANK0   BANK1   BANK3   BANK2
      Params:         0       0       0       0       0
      Locals:         0       0       2       0       0
      Temps:          0       0       0       0       0
      Totals:         0       0       2       0       0
Total ram usage:        2 bytes
 Hardware stack levels required when called:   11
 This function calls:
		_activate_cooler
		_activate_heater
		_deactivate_cooler
		_deactivate_heater
		_i2c_init
		_interrupts_init
		_set_temp_exteeprom_check
		_timer0_init
		_timer1_init
 This function is called by:
		Startup code after reset
 This function uses a non-reentrant model


 *************** function _timer1_init *****************
 Defined at:
		line 216 in file "teste_b4.c"
 Parameters:    Size  Location     Type
		None
 Auto vars:     Size  Location     Type
		None
 Return value:  Size  Location     Type
                  1    wreg      void 
 Registers used:
		wreg
 Tracked objects:
		On entry : 
		On exit  : 
		Unchanged: 
 Data sizes:     COMMON   BANK0   BANK1   BANK3   BANK2
      Params:         0       0       0       0       0
      Locals:         0       0       0       0       0
      Temps:          0       0       0       0       0
      Totals:         0       0       0       0       0
Total ram usage:        0 bytes
 Hardware stack levels used:    1
 Hardware stack levels required when called:    6
 This function calls:
		Nothing
 This function is called by:
		_main
 This function uses a non-reentrant model


 *************** function _timer0_init *****************
 Defined at:
		line 206 in file "teste_b4.c"
 Parameters:    Size  Location     Type
		None
 Auto vars:     Size  Location     Type
		None
 Return value:  Size  Location     Type
                  1    wreg      void 
 Registers used:
		wreg
 Tracked objects:
		On entry : 
		On exit  : 
		Unchanged: 
 Data sizes:     COMMON   BANK0   BANK1   BANK3   BANK2
      Params:         0       0       0       0       0
      Locals:         0       0       0       0       0
      Temps:          0       0       0       0       0
      Totals:         0       0       0       0       0
Total ram usage:        0 bytes
 Hardware stack levels used:    1
 Hardware stack levels required when called:    6
 This function calls:
		Nothing
 This function is called by:
		_main
 This function uses a non-reentrant model


 *************** function _set_temp_exteeprom_check *****************
 Defined at:
		line 301 in file "teste_b4.c"
 Parameters:    Size  Location     Type
		None
 Auto vars:     Size  Location     Type
  read_char       1   12[BANK1 ] unsigned char 
 Return value:  Size  Location     Type
                  1    wreg      void 
 Registers used:
		wreg, status,2, status,0, btemp+1, pclath, cstack
 Tracked objects:
		On entry : 
		On exit  : 
		Unchanged: 
 Data sizes:     COMMON   BANK0   BANK1   BANK3   BANK2
      Params:         0       0       0       0       0
      Locals:         0       0       1       0       0
      Temps:          0       0       2       0       0
      Totals:         0       0       3       0       0
Total ram usage:        3 bytes
 Hardware stack levels used:    1
 Hardware stack levels required when called:   10
 This function calls:
		_e2pext_r
		_e2pext_w
 This function is called by:
		_main
 This function uses a non-reentrant model


 *************** function _e2pext_w *****************
 Defined at:
		line 65 in file "eeprom_ext.c"
 Parameters:    Size  Location     Type
  addr            2    0[BANK1 ] unsigned int 
  val             1    2[BANK1 ] unsigned char 
 Auto vars:     Size  Location     Type
  tmp             2    8[BANK1 ] unsigned int 
  nt              1    7[BANK1 ] unsigned char 
  al              1    6[BANK1 ] unsigned char 
  ah              1    5[BANK1 ] unsigned char 
 Return value:  Size  Location     Type
                  1    wreg      void 
 Registers used:
		wreg, status,2, status,0, btemp+1, pclath, cstack
 Tracked objects:
		On entry : 
		On exit  : 
		Unchanged: 
 Data sizes:     COMMON   BANK0   BANK1   BANK3   BANK2
      Params:         0       0       3       0       0
      Locals:         0       0       5       0       0
      Temps:          0       0       2       0       0
      Totals:         0       0      10       0       0
Total ram usage:       10 bytes
 Hardware stack levels used:    1
 Hardware stack levels required when called:    9
 This function calls:
		_e2pext_r
		_i2c_start
		_i2c_stop
		_i2c_wb
 This function is called by:
		_set_temp_exteeprom_check
 This function uses a non-reentrant model


 *************** function _e2pext_r *****************
 Defined at:
		line 29 in file "eeprom_ext.c"
 Parameters:    Size  Location     Type
  addr            2   28[BANK0 ] unsigned int 
 Auto vars:     Size  Location     Type
  ah              1   32[BANK0 ] unsigned char 
  al              1   31[BANK0 ] unsigned char 
  ret             1   30[BANK0 ] unsigned char 
 Return value:  Size  Location     Type
                  1    wreg      unsigned char 
 Registers used:
		wreg, status,2, status,0, btemp+1, pclath, cstack
 Tracked objects:
		On entry : 
		On exit  : 
		Unchanged: 
 Data sizes:     COMMON   BANK0   BANK1   BANK3   BANK2
      Params:         0       2       0       0       0
      Locals:         0       3       0       0       0
      Temps:          0       0       0       0       0
      Totals:         0       5       0       0       0
Total ram usage:        5 bytes
 Hardware stack levels used:    1
 Hardware stack levels required when called:    8
 This function calls:
		_i2c_rb
		_i2c_start
		_i2c_stop
		_i2c_wb
 This function is called by:
		_e2pext_w
		_set_temp_exteeprom_check
 This function uses a non-reentrant model


 *************** function _i2c_wb *****************
 Defined at:
		line 69 in file "i2c.c"
 Parameters:    Size  Location     Type
  val             1    wreg     unsigned char 
 Auto vars:     Size  Location     Type
  val             1   26[BANK0 ] unsigned char 
  i               1   27[BANK0 ] unsigned char 
 Return value:  Size  Location     Type
                  1    wreg      void 
 Registers used:
		wreg, status,2, status,0, btemp+1, pclath, cstack
 Tracked objects:
		On entry : 
		On exit  : 
		Unchanged: 
 Data sizes:     COMMON   BANK0   BANK1   BANK3   BANK2
      Params:         0       0       0       0       0
      Locals:         0       2       0       0       0
      Temps:          0       2       0       0       0
      Totals:         0       4       0       0       0
Total ram usage:        4 bytes
 Hardware stack levels used:    1
 Hardware stack levels required when called:    7
 This function calls:
		_delay
 This function is called by:
		_e2pext_r
		_e2pext_w
		_rtc_r
 This function uses a non-reentrant model


 *************** function _i2c_stop *****************
 Defined at:
		line 60 in file "i2c.c"
 Parameters:    Size  Location     Type
		None
 Auto vars:     Size  Location     Type
		None
 Return value:  Size  Location     Type
                  1    wreg      void 
 Registers used:
		status,2, status,0, pclath, cstack
 Tracked objects:
		On entry : 
		On exit  : 
		Unchanged: 
 Data sizes:     COMMON   BANK0   BANK1   BANK3   BANK2
      Params:         0       0       0       0       0
      Locals:         0       0       0       0       0
      Temps:          0       0       0       0       0
      Totals:         0       0       0       0       0
Total ram usage:        0 bytes
 Hardware stack levels used:    1
 Hardware stack levels required when called:    7
 This function calls:
		_delay
 This function is called by:
		_e2pext_r
		_e2pext_w
		_rtc_r
 This function uses a non-reentrant model


 *************** function _i2c_start *****************
 Defined at:
		line 51 in file "i2c.c"
 Parameters:    Size  Location     Type
		None
 Auto vars:     Size  Location     Type
		None
 Return value:  Size  Location     Type
                  1    wreg      void 
 Registers used:
		status,2, status,0, pclath, cstack
 Tracked objects:
		On entry : 
		On exit  : 
		Unchanged: 
 Data sizes:     COMMON   BANK0   BANK1   BANK3   BANK2
      Params:         0       0       0       0       0
      Locals:         0       0       0       0       0
      Temps:          0       0       0       0       0
      Totals:         0       0       0       0       0
Total ram usage:        0 bytes
 Hardware stack levels used:    1
 Hardware stack levels required when called:    7
 This function calls:
		_delay
 This function is called by:
		_e2pext_r
		_e2pext_w
		_rtc_r
 This function uses a non-reentrant model


 *************** function _i2c_rb *****************
 Defined at:
		line 87 in file "i2c.c"
 Parameters:    Size  Location     Type
  ack             1    wreg     unsigned char 
 Auto vars:     Size  Location     Type
  ack             1   25[BANK0 ] unsigned char 
  i               1   27[BANK0 ] unsigned char 
  ret             1   26[BANK0 ] unsigned char 
 Return value:  Size  Location     Type
                  1    wreg      unsigned char 
 Registers used:
		wreg, status,2, status,0, btemp+1, pclath, cstack
 Tracked objects:
		On entry : 
		On exit  : 
		Unchanged: 
 Data sizes:     COMMON   BANK0   BANK1   BANK3   BANK2
      Params:         0       0       0       0       0
      Locals:         0       3       0       0       0
      Temps:          0       1       0       0       0
      Totals:         0       4       0       0       0
Total ram usage:        4 bytes
 Hardware stack levels used:    1
 Hardware stack levels required when called:    7
 This function calls:
		_delay
 This function is called by:
		_e2pext_r
		_rtc_r
 This function uses a non-reentrant model


 *************** function _delay *****************
 Defined at:
		line 30 in file "i2c.c"
 Parameters:    Size  Location     Type
		None
 Auto vars:     Size  Location     Type
		None
 Return value:  Size  Location     Type
                  1    wreg      void 
 Registers used:
		None
 Tracked objects:
		On entry : 
		On exit  : 
		Unchanged: 
 Data sizes:     COMMON   BANK0   BANK1   BANK3   BANK2
      Params:         0       0       0       0       0
      Locals:         0       0       0       0       0
      Temps:          0       0       0       0       0
      Totals:         0       0       0       0       0
Total ram usage:        0 bytes
 Hardware stack levels used:    1
 Hardware stack levels required when called:    6
 This function calls:
		Nothing
 This function is called by:
		_i2c_start
		_i2c_stop
		_i2c_wb
		_i2c_rb
 This function uses a non-reentrant model


 *************** function _interrupts_init *****************
 Defined at:
		line 191 in file "teste_b4.c"
 Parameters:    Size  Location     Type
		None
 Auto vars:     Size  Location     Type
		None
 Return value:  Size  Location     Type
                  1    wreg      void 
 Registers used:
		None
 Tracked objects:
		On entry : 
		On exit  : 
		Unchanged: 
 Data sizes:     COMMON   BANK0   BANK1   BANK3   BANK2
      Params:         0       0       0       0       0
      Locals:         0       0       0       0       0
      Temps:          0       0       0       0       0
      Totals:         0       0       0       0       0
Total ram usage:        0 bytes
 Hardware stack levels used:    1
 Hardware stack levels required when called:    6
 This function calls:
		Nothing
 This function is called by:
		_main
 This function uses a non-reentrant model


 *************** function _i2c_init *****************
 Defined at:
		line 44 in file "i2c.c"
 Parameters:    Size  Location     Type
		None
 Auto vars:     Size  Location     Type
		None
 Return value:  Size  Location     Type
                  1    wreg      void 
 Registers used:
		None
 Tracked objects:
		On entry : 
		On exit  : 
		Unchanged: 
 Data sizes:     COMMON   BANK0   BANK1   BANK3   BANK2
      Params:         0       0       0       0       0
      Locals:         0       0       0       0       0
      Temps:          0       0       0       0       0
      Totals:         0       0       0       0       0
Total ram usage:        0 bytes
 Hardware stack levels used:    1
 Hardware stack levels required when called:    6
 This function calls:
		Nothing
 This function is called by:
		_main
 This function uses a non-reentrant model


 *************** function _deactivate_heater *****************
 Defined at:
		line 73 in file "teste_b4.c"
 Parameters:    Size  Location     Type
		None
 Auto vars:     Size  Location     Type
		None
 Return value:  Size  Location     Type
                  1    wreg      void 
 Registers used:
		wreg, status,2, status,0
 Tracked objects:
		On entry : 
		On exit  : 
		Unchanged: 
 Data sizes:     COMMON   BANK0   BANK1   BANK3   BANK2
      Params:         0       0       0       0       0
      Locals:         0       0       0       0       0
      Temps:          0       0       0       0       0
      Totals:         0       0       0       0       0
Total ram usage:        0 bytes
 Hardware stack levels used:    1
 Hardware stack levels required when called:    6
 This function calls:
		Nothing
 This function is called by:
		_main
 This function uses a non-reentrant model


 *************** function _deactivate_cooler *****************
 Defined at:
		line 96 in file "teste_b4.c"
 Parameters:    Size  Location     Type
		None
 Auto vars:     Size  Location     Type
		None
 Return value:  Size  Location     Type
                  1    wreg      void 
 Registers used:
		wreg, status,2, status,0
 Tracked objects:
		On entry : 
		On exit  : 
		Unchanged: 
 Data sizes:     COMMON   BANK0   BANK1   BANK3   BANK2
      Params:         0       0       0       0       0
      Locals:         0       0       0       0       0
      Temps:          0       0       0       0       0
      Totals:         0       0       0       0       0
Total ram usage:        0 bytes
 Hardware stack levels used:    1
 Hardware stack levels required when called:    6
 This function calls:
		Nothing
 This function is called by:
		_main
 This function uses a non-reentrant model


 *************** function _activate_heater *****************
 Defined at:
		line 62 in file "teste_b4.c"
 Parameters:    Size  Location     Type
		None
 Auto vars:     Size  Location     Type
		None
 Return value:  Size  Location     Type
                  1    wreg      void 
 Registers used:
		wreg, status,2, status,0
 Tracked objects:
		On entry : 
		On exit  : 
		Unchanged: 
 Data sizes:     COMMON   BANK0   BANK1   BANK3   BANK2
      Params:         0       0       0       0       0
      Locals:         0       0       0       0       0
      Temps:          0       0       0       0       0
      Totals:         0       0       0       0       0
Total ram usage:        0 bytes
 Hardware stack levels used:    1
 Hardware stack levels required when called:    6
 This function calls:
		Nothing
 This function is called by:
		_main
 This function uses a non-reentrant model


 *************** function _activate_cooler *****************
 Defined at:
		line 85 in file "teste_b4.c"
 Parameters:    Size  Location     Type
		None
 Auto vars:     Size  Location     Type
		None
 Return value:  Size  Location     Type
                  1    wreg      void 
 Registers used:
		wreg, status,2, status,0
 Tracked objects:
		On entry : 
		On exit  : 
		Unchanged: 
 Data sizes:     COMMON   BANK0   BANK1   BANK3   BANK2
      Params:         0       0       0       0       0
      Locals:         0       0       0       0       0
      Temps:          0       0       0       0       0
      Totals:         0       0       0       0       0
Total ram usage:        0 bytes
 Hardware stack levels used:    1
 Hardware stack levels required when called:    6
 This function calls:
		Nothing
 This function is called by:
		_main
 This function uses a non-reentrant model


 *************** function _ISR *****************
 Defined at:
		line 244 in file "teste_b4.c"
 Parameters:    Size  Location     Type
		None
 Auto vars:     Size  Location     Type
		None
 Return value:  Size  Location     Type
                  1    wreg      void 
 Registers used:
		wreg, fsr0l, fsr0h, status,2, status,0, btemp+1, pclath, cstack
 Tracked objects:
		On entry : 
		On exit  : 
		Unchanged: 
 Data sizes:     COMMON   BANK0   BANK1   BANK3   BANK2
      Params:         0       0       0       0       0
      Locals:         0       2       0       0       0
      Temps:          0       4       0       0       0
      Totals:         0       6       0       0       0
Total ram usage:        6 bytes
 Hardware stack levels used:    1
 Hardware stack levels required when called:    5
 This function calls:
		__1s_handler
		_adc_sample_and_update_average
		_show_7sd
 This function is called by:
		Interrupt level 1
 This function uses a non-reentrant model


 *************** function _show_7sd *****************
 Defined at:
		line 124 in file "teste_b4.c"
 Parameters:    Size  Location     Type
		None
 Auto vars:     Size  Location     Type
		None
 Return value:  Size  Location     Type
                  1    wreg      void 
 Registers used:
		wreg, fsr0l, fsr0h, status,2, status,0, btemp+1, pclath, cstack
 Tracked objects:
		On entry : 
		On exit  : 
		Unchanged: 
 Data sizes:     COMMON   BANK0   BANK1   BANK3   BANK2
      Params:         0       0       0       0       0
      Locals:         0       0       0       0       0
      Temps:          0       0       0       0       0
      Totals:         0       0       0       0       0
Total ram usage:        0 bytes
 Hardware stack levels used:    1
 Hardware stack levels required when called:    1
 This function calls:
		___lwdiv
		___lwmod
		_display7s
 This function is called by:
		_ISR
 This function uses a non-reentrant model


 *************** function _display7s *****************
 Defined at:
		line 35 in file "display7s.c"
 Parameters:    Size  Location     Type
  v               1    wreg     unsigned char 
 Auto vars:     Size  Location     Type
  v               1    0[COMMON] unsigned char 
 Return value:  Size  Location     Type
                  1    wreg      unsigned char 
 Registers used:
		wreg, fsr0l, fsr0h, status,2, status,0
 Tracked objects:
		On entry : 
		On exit  : 
		Unchanged: 
 Data sizes:     COMMON   BANK0   BANK1   BANK3   BANK2
      Params:         0       0       0       0       0
      Locals:         1       0       0       0       0
      Temps:          0       0       0       0       0
      Totals:         1       0       0       0       0
Total ram usage:        1 bytes
 Hardware stack levels used:    1
 This function calls:
		Nothing
 This function is called by:
		_show_7sd
 This function uses a non-reentrant model


 *************** function ___lwmod *****************
 Defined at:
		line 5 in file "C:\Program Files\Microchip\xc8\v2.20\pic\sources\c90\common\lwmod.c"
 Parameters:    Size  Location     Type
  divisor         2    0[COMMON] unsigned int 
  dividend        2    2[COMMON] unsigned int 
 Auto vars:     Size  Location     Type
  counter         1    4[COMMON] unsigned char 
 Return value:  Size  Location     Type
                  2    0[COMMON] unsigned int 
 Registers used:
		wreg, status,2, status,0, btemp+1
 Tracked objects:
		On entry : 
		On exit  : 
		Unchanged: 
 Data sizes:     COMMON   BANK0   BANK1   BANK3   BANK2
      Params:         4       0       0       0       0
      Locals:         1       0       0       0       0
      Temps:          0       0       0       0       0
      Totals:         5       0       0       0       0
Total ram usage:        5 bytes
 Hardware stack levels used:    1
 This function calls:
		Nothing
 This function is called by:
		_show_7sd
 This function uses a non-reentrant model


 *************** function _adc_sample_and_update_average *****************
 Defined at:
		line 182 in file "teste_b4.c"
 Parameters:    Size  Location     Type
		None
 Auto vars:     Size  Location     Type
		None
 Return value:  Size  Location     Type
                  1    wreg      void 
 Registers used:
		wreg, fsr0l, fsr0h, status,2, status,0, btemp+1, pclath, cstack
 Tracked objects:
		On entry : 
		On exit  : 
		Unchanged: 
 Data sizes:     COMMON   BANK0   BANK1   BANK3   BANK2
      Params:         0       0       0       0       0
      Locals:         0       0       0       0       0
      Temps:          0       1       0       0       0
      Totals:         0       1       0       0       0
Total ram usage:        1 bytes
 Hardware stack levels used:    1
 Hardware stack levels required when called:    2
 This function calls:
		___lwdiv
		___wmul
		_adc_init
		_adc_sample
		_calc_avg
 This function is called by:
		_ISR
 This function uses a non-reentrant model


 *************** function _calc_avg *****************
 Defined at:
		line 108 in file "teste_b4.c"
 Parameters:    Size  Location     Type
		None
 Auto vars:     Size  Location     Type
  avg             2   14[BANK0 ] unsigned int 
  i               1   16[BANK0 ] unsigned char 
 Return value:  Size  Location     Type
                  2    9[BANK0 ] unsigned int 
 Registers used:
		wreg, fsr0l, fsr0h, status,2, status,0, btemp+1, pclath, cstack
 Tracked objects:
		On entry : 
		On exit  : 
		Unchanged: 
 Data sizes:     COMMON   BANK0   BANK1   BANK3   BANK2
      Params:         0       2       0       0       0
      Locals:         0       3       0       0       0
      Temps:          0       3       0       0       0
      Totals:         0       8       0       0       0
Total ram usage:        8 bytes
 Hardware stack levels used:    1
 Hardware stack levels required when called:    1
 This function calls:
		___lwdiv
 This function is called by:
		_adc_sample_and_update_average
 This function uses a non-reentrant model


 *************** function ___lwdiv *****************
 Defined at:
		line 5 in file "C:\Program Files\Microchip\xc8\v2.20\pic\sources\c90\common\lwdiv.c"
 Parameters:    Size  Location     Type
  divisor         2    2[BANK0 ] unsigned int 
  dividend        2    4[BANK0 ] unsigned int 
 Auto vars:     Size  Location     Type
  quotient        2    6[BANK0 ] unsigned int 
  counter         1    8[BANK0 ] unsigned char 
 Return value:  Size  Location     Type
                  2    2[BANK0 ] unsigned int 
 Registers used:
		wreg, status,2, status,0, btemp+1
 Tracked objects:
		On entry : 
		On exit  : 
		Unchanged: 
 Data sizes:     COMMON   BANK0   BANK1   BANK3   BANK2
      Params:         0       4       0       0       0
      Locals:         0       3       0       0       0
      Temps:          0       0       0       0       0
      Totals:         0       7       0       0       0
Total ram usage:        7 bytes
 Hardware stack levels used:    1
 This function calls:
		Nothing
 This function is called by:
		_calc_avg
		_show_7sd
		_adc_sample_and_update_average
 This function uses a non-reentrant model


 *************** function _adc_sample *****************
 Defined at:
		line 9 in file "adc.c"
 Parameters:    Size  Location     Type
  canal           1    wreg     unsigned char 
 Auto vars:     Size  Location     Type
  canal           1    9[COMMON] unsigned char 
 Return value:  Size  Location     Type
                  2    0[COMMON] unsigned int 
 Registers used:
		wreg, fsr0l, fsr0h, status,2, status,0
 Tracked objects:
		On entry : 
		On exit  : 
		Unchanged: 
 Data sizes:     COMMON   BANK0   BANK1   BANK3   BANK2
      Params:         2       0       0       0       0
      Locals:         1       0       0       0       0
      Temps:          7       0       0       0       0
      Totals:        10       0       0       0       0
Total ram usage:       10 bytes
 Hardware stack levels used:    1
 This function calls:
		Nothing
 This function is called by:
		_adc_sample_and_update_average
 This function uses a non-reentrant model


 *************** function _adc_init *****************
 Defined at:
		line 4 in file "adc.c"
 Parameters:    Size  Location     Type
		None
 Auto vars:     Size  Location     Type
		None
 Return value:  Size  Location     Type
                  1    wreg      void 
 Registers used:
		wreg
 Tracked objects:
		On entry : 
		On exit  : 
		Unchanged: 
 Data sizes:     COMMON   BANK0   BANK1   BANK3   BANK2
      Params:         0       0       0       0       0
      Locals:         0       0       0       0       0
      Temps:          0       0       0       0       0
      Totals:         0       0       0       0       0
Total ram usage:        0 bytes
 Hardware stack levels used:    1
 This function calls:
		Nothing
 This function is called by:
		_adc_sample_and_update_average
 This function uses a non-reentrant model


 *************** function ___wmul *****************
 Defined at:
		line 15 in file "C:\Program Files\Microchip\xc8\v2.20\pic\sources\c90\common\Umul16.c"
 Parameters:    Size  Location     Type
  multiplier      2   10[COMMON] unsigned int 
  multiplicand    2   12[COMMON] unsigned int 
 Auto vars:     Size  Location     Type
  product         2    0[BANK0 ] unsigned int 
 Return value:  Size  Location     Type
                  2   10[COMMON] unsigned int 
 Registers used:
		wreg, status,2, status,0
 Tracked objects:
		On entry : 
		On exit  : 
		Unchanged: 
 Data sizes:     COMMON   BANK0   BANK1   BANK3   BANK2
      Params:         4       0       0       0       0
      Locals:         0       2       0       0       0
      Temps:          0       0       0       0       0
      Totals:         4       2       0       0       0
Total ram usage:        6 bytes
 Hardware stack levels used:    1
 This function calls:
		Nothing
 This function is called by:
		_adc_sample_and_update_average
 This function uses a non-reentrant model


 *************** function __1s_handler *****************
 Defined at:
		line 159 in file "teste_b4.c"
 Parameters:    Size  Location     Type
		None
 Auto vars:     Size  Location     Type
		None
 Return value:  Size  Location     Type
                  1    wreg      void 
 Registers used:
		wreg, status,2, status,0, btemp+1, pclath, cstack
 Tracked objects:
		On entry : 
		On exit  : 
		Unchanged: 
 Data sizes:     COMMON   BANK0   BANK1   BANK3   BANK2
      Params:         0       0       0       0       0
      Locals:         0       2       0       0       0
      Temps:          0       0       0       0       0
      Totals:         0       2       0       0       0
Total ram usage:        2 bytes
 Hardware stack levels used:    1
 Hardware stack levels required when called:    4
 This function calls:
		i1_e2pext_w
 This function is called by:
		_ISR
 This function uses a non-reentrant model


 *************** function i1_e2pext_w *****************
 Defined at:
		line 65 in file "eeprom_ext.c"
 Parameters:    Size  Location     Type
  addr            2    9[COMMON] unsigned int 
  val             1   11[COMMON] unsigned char 
 Auto vars:     Size  Location     Type
  tmp             2    3[BANK0 ] unsigned int 
  nt              1    2[BANK0 ] unsigned char 
  al              1    1[BANK0 ] unsigned char 
  ah              1    0[BANK0 ] unsigned char 
 Return value:  Size  Location     Type
                  1    wreg      void 
 Registers used:
		wreg, status,2, status,0, btemp+1, pclath, cstack
 Tracked objects:
		On entry : 
		On exit  : 
		Unchanged: 
 Data sizes:     COMMON   BANK0   BANK1   BANK3   BANK2
      Params:         3       0       0       0       0
      Locals:         0       5       0       0       0
      Temps:          2       0       0       0       0
      Totals:         5       5       0       0       0
Total ram usage:       10 bytes
 Hardware stack levels used:    1
 Hardware stack levels required when called:    3
 This function calls:
		i1_e2pext_r
		i1_i2c_start
		i1_i2c_stop
		i1_i2c_wb
 This function is called by:
		__1s_handler
 This function uses a non-reentrant model


 *************** function i1_e2pext_r *****************
 Defined at:
		line 29 in file "eeprom_ext.c"
 Parameters:    Size  Location     Type
  addr            2    4[COMMON] unsigned int 
 Auto vars:     Size  Location     Type
  ah              1    8[COMMON] unsigned char 
  al              1    7[COMMON] unsigned char 
  ret             1    6[COMMON] unsigned char 
 Return value:  Size  Location     Type
                  1    wreg      unsigned char 
 Registers used:
		wreg, status,2, status,0, btemp+1, pclath, cstack
 Tracked objects:
		On entry : 
		On exit  : 
		Unchanged: 
 Data sizes:     COMMON   BANK0   BANK1   BANK3   BANK2
      Params:         2       0       0       0       0
      Locals:         3       0       0       0       0
      Temps:          0       0       0       0       0
      Totals:         5       0       0       0       0
Total ram usage:        5 bytes
 Hardware stack levels used:    1
 Hardware stack levels required when called:    2
 This function calls:
		i1_i2c_rb
		i1_i2c_start
		i1_i2c_stop
		i1_i2c_wb
 This function is called by:
		i1_e2pext_w
 This function uses a non-reentrant model


 *************** function i1_i2c_wb *****************
 Defined at:
		line 69 in file "i2c.c"
 Parameters:    Size  Location     Type
  val             1    wreg     unsigned char 
 Auto vars:     Size  Location     Type
  val             1    2[COMMON] unsigned char 
  i               1    3[COMMON] unsigned char 
 Return value:  Size  Location     Type
                  1    wreg      void 
 Registers used:
		wreg, status,2, status,0, btemp+1, pclath, cstack
 Tracked objects:
		On entry : 
		On exit  : 
		Unchanged: 
 Data sizes:     COMMON   BANK0   BANK1   BANK3   BANK2
      Params:         0       0       0       0       0
      Locals:         2       0       0       0       0
      Temps:          2       0       0       0       0
      Totals:         4       0       0       0       0
Total ram usage:        4 bytes
 Hardware stack levels used:    1
 Hardware stack levels required when called:    1
 This function calls:
		i1_delay
 This function is called by:
		i1_e2pext_r
		i1_e2pext_w
 This function uses a non-reentrant model


 *************** function i1_i2c_stop *****************
 Defined at:
		line 60 in file "i2c.c"
 Parameters:    Size  Location     Type
		None
 Auto vars:     Size  Location     Type
		None
 Return value:  Size  Location     Type
                  1    wreg      void 
 Registers used:
		status,2, status,0, pclath, cstack
 Tracked objects:
		On entry : 
		On exit  : 
		Unchanged: 
 Data sizes:     COMMON   BANK0   BANK1   BANK3   BANK2
      Params:         0       0       0       0       0
      Locals:         0       0       0       0       0
      Temps:          0       0       0       0       0
      Totals:         0       0       0       0       0
Total ram usage:        0 bytes
 Hardware stack levels used:    1
 Hardware stack levels required when called:    1
 This function calls:
		i1_delay
 This function is called by:
		i1_e2pext_r
		i1_e2pext_w
 This function uses a non-reentrant model


 *************** function i1_i2c_start *****************
 Defined at:
		line 51 in file "i2c.c"
 Parameters:    Size  Location     Type
		None
 Auto vars:     Size  Location     Type
		None
 Return value:  Size  Location     Type
                  1    wreg      void 
 Registers used:
		status,2, status,0, pclath, cstack
 Tracked objects:
		On entry : 
		On exit  : 
		Unchanged: 
 Data sizes:     COMMON   BANK0   BANK1   BANK3   BANK2
      Params:         0       0       0       0       0
      Locals:         0       0       0       0       0
      Temps:          0       0       0       0       0
      Totals:         0       0       0       0       0
Total ram usage:        0 bytes
 Hardware stack levels used:    1
 Hardware stack levels required when called:    1
 This function calls:
		i1_delay
 This function is called by:
		i1_e2pext_r
		i1_e2pext_w
 This function uses a non-reentrant model


 *************** function i1_i2c_rb *****************
 Defined at:
		line 87 in file "i2c.c"
 Parameters:    Size  Location     Type
  ack             1    wreg     unsigned char 
 Auto vars:     Size  Location     Type
  ack             1    1[COMMON] unsigned char 
  i               1    3[COMMON] unsigned char 
  ret             1    2[COMMON] unsigned char 
 Return value:  Size  Location     Type
                  1    wreg      unsigned char 
 Registers used:
		wreg, status,2, status,0, btemp+1, pclath, cstack
 Tracked objects:
		On entry : 
		On exit  : 
		Unchanged: 
 Data sizes:     COMMON   BANK0   BANK1   BANK3   BANK2
      Params:         0       0       0       0       0
      Locals:         3       0       0       0       0
      Temps:          1       0       0       0       0
      Totals:         4       0       0       0       0
Total ram usage:        4 bytes
 Hardware stack levels used:    1
 Hardware stack levels required when called:    1
 This function calls:
		i1_delay
 This function is called by:
		i1_e2pext_r
 This function uses a non-reentrant model


 *************** function i1_delay *****************
 Defined at:
		line 30 in file "i2c.c"
 Parameters:    Size  Location     Type
		None
 Auto vars:     Size  Location     Type
		None
 Return value:  Size  Location     Type
                  1    wreg      void 
 Registers used:
		None
 Tracked objects:
		On entry : 
		On exit  : 
		Unchanged: 
 Data sizes:     COMMON   BANK0   BANK1   BANK3   BANK2
      Params:         0       0       0       0       0
      Locals:         0       0       0       0       0
      Temps:          0       0       0       0       0
      Totals:         0       0       0       0       0
Total ram usage:        0 bytes
 Hardware stack levels used:    1
 This function calls:
		Nothing
 This function is called by:
		i1_i2c_start
		i1_i2c_stop
		i1_i2c_wb
		i1_i2c_rb
 This function uses a non-reentrant model



MODULE INFORMATION

Module		Function		Class		Link	Load	Size
eeprom_ext.c
		_e2pext_r      		CODE           	033A	0000	90
		_e2pext_w      		CODE           	0210	0000	108

eeprom_ext.c estimated size: 198

teste_b4.c
		_interrupts_init		CODE           	07DE	0000	9
		_ISR           		CODE           	01A3	0000	110
		__1s_handler   		CODE           	05B2	0000	65
		_calc_avg      		CODE           	06A8	0000	53
		_main          		CODE           	004E	0000	191
		_activate_heater		CODE           	078F	0000	13
		_activate_cooler		CODE           	079B	0000	13
		_set_temp_exteeprom_check		CODE           	03EA	0000	82
		_adc_sample_and_update_average		CODE           	02E0	0000	91
		_timer0_init   		CODE           	07BB	0000	10
		_deactivate_heater		CODE           	0707	0000	33
		_deactivate_cooler		CODE           	0727	0000	33
		_timer1_init   		CODE           	07B1	0000	11
		_show_7sd      		CODE           	010C	0000	152

teste_b4.c estimated size: 866

i2c.c
		_i2c_rb        		CODE           	048B	0000	79
		_delay         		CODE           	07C4	0000	10
		_i2c_start     		CODE           	0759	0000	19
		_i2c_stop      		CODE           	0747	0000	19
		_i2c_init      		CODE           	07E6	0000	9
		_i2c_wb        		CODE           	05F2	0000	63

i2c.c estimated size: 199

C:\Program Files\Microchip\xc8\v2.20\pic\sources\c90\common\lwmod.c
		___lwmod       		CODE           	066E	0000	59

C:\Program Files\Microchip\xc8\v2.20\pic\sources\c90\common\lwmod.c estimated size: 59

display7s.c
		_display7s     		CODE           	0393	0000	88

display7s.c estimated size: 88

adc.c
		_adc_init      		CODE           	07F4	0000	6
		_adc_sample    		CODE           	056C	0000	71

adc.c estimated size: 77

shared
		i1_i2c_wb      		CODE           	0630	0000	63
		__stringtab    		STRING         	07A7	0000	7
		i1_i2c_stop    		CODE           	076B	0000	19
		i1_i2c_start   		CODE           	077D	0000	19
		__initialization		CODE           	0015	0000	54
		i1_i2c_rb      		CODE           	043B	0000	81
		_linha         		STRING         	07AD	0000	5
		i1_delay       		CODE           	07CD	0000	10
		i1_e2pext_r    		CODE           	04D9	0000	78
		i1_e2pext_w    		CODE           	027B	0000	102

shared estimated size: 438

C:\Program Files\Microchip\xc8\v2.20\pic\sources\c90\common\Umul16.c
		___wmul        		CODE           	06DC	0000	44

C:\Program Files\Microchip\xc8\v2.20\pic\sources\c90\common\Umul16.c estimated size: 44

C:\Program Files\Microchip\xc8\v2.20\pic\sources\c90\common\lwdiv.c
		___lwdiv       		CODE           	0526	0000	71

C:\Program Files\Microchip\xc8\v2.20\pic\sources\c90\common\lwdiv.c estimated size: 71

