Microchip MPLAB XC8 Compiler V2.20

Linker command line:

--edf=C:\Program Files\Microchip\xc8\v2.20\pic\dat\en_msgs.txt -cn \
  -h+dist/16F877A/production\water_heater.X.production.sym \
  --cmf=dist/16F877A/production\water_heater.X.production.cmf -z -Q16F877A \
  -oC:\Users\MOHAMM~1\AppData\Local\Temp\shfg.2 --defsym=__MPLAB_BUILD=1 \
  -Mdist/16F877A/production/water_heater.X.production.map -E1 \
  -ver=XC8 Compiler --acfsm=1493 -ASTACK=0110h-016Fh -pstack=STACK \
  -ACODE=00h-07FFhx4 -ASTRCODE=00h-01FFFh -ASTRING=00h-0FFhx32 \
  -ACONST=00h-0FFhx32 -AENTRY=00h-0FFhx32 -ACOMMON=070h-07Fh \
  -ABANK0=020h-06Fh -ABANK1=0A0h-0EFh -ABANK2=0110h-016Fh \
  -ABANK3=0190h-01EFh -ARAM=020h-06Fh,0A0h-0EFh,0110h-016Fh,0190h-01EFh \
  -AABS1=020h-07Fh,0A0h-0EFh,0110h-016Fh,0190h-01EFh -ASFR0=00h-01Fh \
  -ASFR1=080h-09Fh -ASFR2=0100h-010Fh -ASFR3=0180h-018Fh \
  -ACONFIG=02007h-02007h -DCONFIG=2 -AIDLOC=02000h-02003h -DIDLOC=2 \
  -preset_vec=00h,intentry=04h,init,end_init -ppowerup=CODE -pcinit=CODE \
  -pfunctab=ENTRY -AEEDATA=00h-0FFh/02100h -peeprom_data=EEDATA -DEEDATA=2 \
  -DCODE=2 -DSTRCODE=2 -DSTRING=2 -DCONST=2 -DENTRY=2 -k \
  C:\Users\MOHAMM~1\AppData\Local\Temp\shfg.o \
  dist/16F877A/production\water_heater.X.production.o 

Object code version is 3.11

Machine type is 16F877A



                Name                               Link     Load   Length Selector   Space Scale
C:\Users\MOHAMM~1\AppData\Local\Temp\shfg.o
                end_init                             12       12        3        8       0
                reset_vec                             0        0        3        0       0
                config                             2007     2007        1        0       4
dist/16F877A/production\water_heater.X.production.o
                cinit                                15       15       38        8       0
                intentry                              4        4        E        8       0
                config                             2007     2007        1        0       4
                text34                              7BA      7BA        9        8       0
                text33                              3E3      3E3       50        8       0
                text32                              774      774       12        8       0
                text31                              762      762       12        8       0
                text30                              627      627       3E        8       0
                text29                              4D0      4D0       4D        8       0
                text28                              274      274       65        8       0
                text27                              5A9      5A9       40        8       0
                text26                              6D3      6D3       2B        8       0
                text25                              7E1      7E1        5        8       0
                text24                              563      563       46        8       0
                text23                              51D      51D       46        8       0
                text22                              69F      69F       34        8       0
                text21                              2D9      2D9       5A        8       0
                text20                              665      665       3A        8       0
                text19                              38C      38C       57        8       0
                text18                              10B      10B       97        8       0
                text17                              1A2      1A2       6D        8       0
                text16                              792      792        C        8       0
                text15                              786      786        C        8       0
                text14                              71E      71E       20        8       0
                text13                              6FE      6FE       20        8       0
                text12                              7D3      7D3        8        8       0
                text11                              7CB      7CB        8        8       0
                text10                              7B1      7B1        9        8       0
                text9                               482      482       4E        8       0
                text8                               750      750       12        8       0
                text7                               73E      73E       12        8       0
                text6                               5E9      5E9       3E        8       0
                text5                               333      333       59        8       0
                text4                               20F      20F       65        8       0
                text3                               433      433       4F        8       0
                text2                               7A8      7A8        9        8       0
                text1                               79E      79E        A        8       0
                maintext                             4D       4D       BE        8       0
                cstackBANK0                          20       20       2B       20       1
                cstackCOMMON                         70       70        E       70       1
                cstackBANK1                          B4       B4        5       A0       1
                clrtext                             7C3      7C3        8        8       0
                bssBANK1                             A0       A0       14       A0       1
                dataBANK0                            52       52        6       20       1
                bssBANK0                             4B       4B        7       20       1
                idataBANK0                          7DB      7DB        6        8       0

TOTAL           Name                               Link     Load   Length     Space
        CLASS   STACK          

        CLASS   CODE           
                end_init                             12       12        3         0
                cinit                                15       15       38         0
                intentry                              4        4        E         0
                reset_vec                             0        0        3         0
                text34                              7BA      7BA        9         0
                text33                              3E3      3E3       50         0
                text32                              774      774       12         0
                text31                              762      762       12         0
                text30                              627      627       3E         0
                text29                              4D0      4D0       4D         0
                text28                              274      274       65         0
                text27                              5A9      5A9       40         0
                text26                              6D3      6D3       2B         0
                text25                              7E1      7E1        5         0
                text24                              563      563       46         0
                text23                              51D      51D       46         0
                text22                              69F      69F       34         0
                text21                              2D9      2D9       5A         0
                text20                              665      665       3A         0
                text19                              38C      38C       57         0
                text18                              10B      10B       97         0
                text17                              1A2      1A2       6D         0
                text16                              792      792        C         0
                text15                              786      786        C         0
                text14                              71E      71E       20         0
                text13                              6FE      6FE       20         0
                text12                              7D3      7D3        8         0
                text11                              7CB      7CB        8         0
                text10                              7B1      7B1        9         0
                text9                               482      482       4E         0
                text8                               750      750       12         0
                text7                               73E      73E       12         0
                text6                               5E9      5E9       3E         0
                text5                               333      333       59         0
                text4                               20F      20F       65         0
                text3                               433      433       4F         0
                text2                               7A8      7A8        9         0
                text1                               79E      79E        A         0
                maintext                             4D       4D       BE         0
                clrtext                             7C3      7C3        8         0
                idataBANK0                          7DB      7DB        6         0

        CLASS   STRCODE        

        CLASS   STRING         

        CLASS   CONST          

        CLASS   ENTRY          

        CLASS   COMMON         
                cstackCOMMON                         70       70        E         1

        CLASS   BANK0          
                cstackBANK0                          20       20       2B         1
                dataBANK0                            52       52        6         1
                bssBANK0                             4B       4B        7         1

        CLASS   BANK1          
                cstackBANK1                          B4       B4        5         1
                bssBANK1                             A0       A0       14         1

        CLASS   BANK2          

        CLASS   BANK3          

        CLASS   RAM            

        CLASS   ABS1           
                abs_s1                               7E       7E        2         1

        CLASS   SFR0           

        CLASS   SFR1           

        CLASS   SFR2           

        CLASS   SFR3           

        CLASS   CONFIG         
                config                             2007     2007        1         4

        CLASS   IDLOC          

        CLASS   EEDATA         



SEGMENTS        Name                           Load    Length   Top    Selector   Space  Class     Delta

                reset_vec                      000000  000003  000003         0       0  CODE        2
                intentry                       000004  0007E2  0007E6         8       0  CODE        2
                cstackBANK0                    000020  000038  000058        20       1  BANK0       1
                cstackCOMMON                   000070  00000E  00007E        70       1  COMMON      1
                bssBANK1                       0000A0  000019  0000B9        A0       1  BANK1       1


UNUSED ADDRESS RANGES

        Name                Unused          Largest block    Delta
        BANK0            0058-006F             18           1
        BANK1            00B9-00EF             37           1
        BANK2            0110-016F             60           1
        BANK3            0190-01EF             60           1
        CODE             0003-0003              1           2
                         07E6-1FFF            800
        CONST            0003-0003              1           2
                         07E6-1FFF            100
        EEDATA           2100-21FF            100           2
        ENTRY            0003-0003              1           2
                         07E6-1FFF            100
        IDLOC            2000-2003              4           2
        RAM              0058-006F             18           1
                         00B9-00EF             37
                         0110-016F             60
                         0190-01EF             60
        SFR0             0000-001F             20           1
        SFR1             0080-009F             20           1
        SFR2             0100-010F             10           1
        SFR3             0180-018F             10           1
        STACK            0110-016F             60           1
        STRCODE          0003-0003              1           2
                         07E6-1FFF           181A
        STRING           0003-0003              1           2
                         07E6-1FFF            100

                                  Symbol Table

?___lwdiv                               cstackBANK0  0022
?___lwmod                               cstackCOMMON 0070
?___wmul                                cstackCOMMON 007A
?_adc_sample                            cstackCOMMON 0070
?_calc_avg                              cstackBANK0  0029
_ADCON0                                 (abs)        001F
_ADCON0bits                             (abs)        001F
_ADCON1                                 (abs)        009F
_ADRESH                                 (abs)        001E
_ADRESL                                 (abs)        009E
_GIE                                    (abs)        005F
_INTE                                   (abs)        005C
_INTF                                   (abs)        0059
_ISR                                    text17       01A2
_ISR$255                                cstackBANK0  0036
_OPTION_REG                             (abs)        0081
_PEIE                                   (abs)        005E
_PORTA                                  (abs)        0005
_PORTB                                  (abs)        0006
_PORTCbits                              (abs)        0007
_PORTD                                  (abs)        0008
_RB1                                    (abs)        0031
_RB2                                    (abs)        0032
_RB6                                    (abs)        0036
_RC2                                    (abs)        003A
_RC5                                    (abs)        003D
_T1CKPS0                                (abs)        0084
_T1CKPS1                                (abs)        0085
_TMR0                                   (abs)        0001
_TMR0IE                                 (abs)        005D
_TMR0IF                                 (abs)        005A
_TMR1H                                  (abs)        000F
_TMR1IE                                 (abs)        0460
_TMR1IF                                 (abs)        0060
_TMR1L                                  (abs)        000E
_TMR1ON                                 (abs)        0080
_TRISA                                  (abs)        0085
_TRISB                                  (abs)        0086
_TRISC                                  (abs)        0087
_TRISCbits                              (abs)        0087
_TRISD                                  (abs)        0088
_TRISE                                  (abs)        0089
__1s_handler                            text27       05A9
__1s_handler$240                        cstackBANK0  0025
__7sd_mask                              dataBANK0    0056
__Habs1                                 abs1         0000
__Hbank0                                bank0        0000
__Hbank1                                bank1        0000
__Hbank2                                bank2        0000
__Hbank3                                bank3        0000
__HbssBANK0                             bssBANK0     0000
__HbssBANK1                             bssBANK1     0000
__Hcinit                                cinit        004D
__Hclrtext                              clrtext      0000
__Hcode                                 code         0000
__Hcommon                               common       0000
__Hconfig                               config       2008
__HcstackBANK0                          cstackBANK0  0000
__HcstackBANK1                          cstackBANK1  0000
__HcstackCOMMON                         cstackCOMMON 0000
__HdataBANK0                            dataBANK0    0000
__Heeprom_data                          eeprom_data  0000
__Hend_init                             end_init     0015
__Hfunctab                              functab      0000
__HidataBANK0                           idataBANK0   0000
__Hinit                                 init         0012
__Hintentry                             intentry     0012
__Hmaintext                             maintext     0000
__Hpowerup                              powerup      0000
__Hram                                  ram          0000
__Hreset_vec                            reset_vec    0003
__Hsfr0                                 sfr0         0000
__Hsfr1                                 sfr1         0000
__Hsfr2                                 sfr2         0000
__Hsfr3                                 sfr3         0000
__Hspace_0                              (abs)        07E6
__Hspace_1                              (abs)        00B9
__Hspace_2                              (abs)        0000
__Hspace_3                              (abs)        0000
__Hspace_4                              (abs)        400F
__Hstack                                stack        0000
__Hstrings                              strings      0000
__Htext                                 text         0000
__Labs1                                 abs1         0000
__Lbank0                                bank0        0000
__Lbank1                                bank1        0000
__Lbank2                                bank2        0000
__Lbank3                                bank3        0000
__LbssBANK0                             bssBANK0     0000
__LbssBANK1                             bssBANK1     0000
__Lcinit                                cinit        0015
__Lclrtext                              clrtext      0000
__Lcode                                 code         0000
__Lcommon                               common       0000
__Lconfig                               config       0000
__LcstackBANK0                          cstackBANK0  0000
__LcstackBANK1                          cstackBANK1  0000
__LcstackCOMMON                         cstackCOMMON 0000
__LdataBANK0                            dataBANK0    0000
__Leeprom_data                          eeprom_data  0000
__Lend_init                             end_init     0012
__Lfunctab                              functab      0000
__LidataBANK0                           idataBANK0   0000
__Linit                                 init         0012
__Lintentry                             intentry     0004
__Lmaintext                             maintext     0000
__Lpowerup                              powerup      0000
__Lram                                  ram          0000
__Lreset_vec                            reset_vec    0000
__Lsfr0                                 sfr0         0000
__Lsfr1                                 sfr1         0000
__Lsfr2                                 sfr2         0000
__Lsfr3                                 sfr3         0000
__Lspace_0                              (abs)        0000
__Lspace_1                              (abs)        0000
__Lspace_2                              (abs)        0000
__Lspace_3                              (abs)        0000
__Lspace_4                              (abs)        0000
__Lstack                                stack        0000
__Lstrings                              strings      0000
__Ltext                                 text         0000
__S0                                    (abs)        07E6
__S1                                    (abs)        00B9
__S2                                    (abs)        0000
__S3                                    (abs)        0000
___int_sp                               stack        0000
___latbits                              (abs)        0002
___lwdiv                                text23       051D
___lwdiv@counter                        cstackBANK0  0028
___lwdiv@dividend                       cstackBANK0  0024
___lwdiv@divisor                        cstackBANK0  0022
___lwdiv@quotient                       cstackBANK0  0026
___lwmod                                text20       0665
___lwmod@counter                        cstackCOMMON 0074
___lwmod@dividend                       cstackCOMMON 0072
___lwmod@divisor                        cstackCOMMON 0070
___sp                                   stack        0000
___stackhi                              (abs)        0000
___stacklo                              (abs)        0000
___wmul                                 text26       06D3
___wmul@multiplicand                    cstackCOMMON 007C
___wmul@multiplier                      cstackCOMMON 007A
___wmul@product                         cstackBANK0  0020
__end_of_ISR                            text17       020F
__end_of__1s_handler                    text27       05E9
__end_of___lwdiv                        text23       0563
__end_of___lwmod                        text20       069F
__end_of___wmul                         text26       06FE
__end_of__initialization                cinit        0049
__end_of_activate_cooler                text16       079E
__end_of_activate_heater                text15       0792
__end_of_adc_init                       text25       07E6
__end_of_adc_sample                     text24       05A9
__end_of_adc_sample_and_update_average  text21       0333
__end_of_calc_avg                       text22       06D3
__end_of_deactivate_cooler              text14       073E
__end_of_deactivate_heater              text13       071E
__end_of_delay                          text10       07BA
__end_of_display7s                      text19       03E3
__end_of_e2pext_r                       text5        038C
__end_of_e2pext_w                       text4        0274
__end_of_i2c_init                       text12       07DB
__end_of_i2c_rb                         text9        04D0
__end_of_i2c_start                      text8        0762
__end_of_i2c_stop                       text7        0750
__end_of_i2c_wb                         text6        0627
__end_of_interrupts_init                text11       07D3
__end_of_main                           maintext     010B
__end_of_set_temp_exteeprom_check       text3        0482
__end_of_show_7sd                       text18       01A2
__end_of_timer0_init                    text2        07B1
__end_of_timer1_init                    text1        07A8
__end_ofi1_delay                        text34       07C3
__end_ofi1_e2pext_r                     text29       051D
__end_ofi1_e2pext_w                     text28       02D9
__end_ofi1_i2c_rb                       text33       0433
__end_ofi1_i2c_start                    text32       0786
__end_ofi1_i2c_stop                     text31       0774
__end_ofi1_i2c_wb                       text30       0665
__initialization                        cinit        0015
__pbssBANK0                             bssBANK0     004B
__pbssBANK1                             bssBANK1     00A0
__pcstackBANK0                          cstackBANK0  0020
__pcstackBANK1                          cstackBANK1  00B4
__pcstackCOMMON                         cstackCOMMON 0070
__pdataBANK0                            dataBANK0    0052
__pidataBANK0                           idataBANK0   07DB
__pintentry                             intentry     0004
__pmaintext                             maintext     004D
__ptext1                                text1        079E
__ptext10                               text10       07B1
__ptext11                               text11       07CB
__ptext12                               text12       07D3
__ptext13                               text13       06FE
__ptext14                               text14       071E
__ptext15                               text15       0786
__ptext16                               text16       0792
__ptext17                               text17       01A2
__ptext18                               text18       010B
__ptext19                               text19       038C
__ptext2                                text2        07A8
__ptext20                               text20       0665
__ptext21                               text21       02D9
__ptext22                               text22       069F
__ptext23                               text23       051D
__ptext24                               text24       0563
__ptext25                               text25       07E1
__ptext26                               text26       06D3
__ptext27                               text27       05A9
__ptext28                               text28       0274
__ptext29                               text29       04D0
__ptext3                                text3        0433
__ptext30                               text30       0627
__ptext31                               text31       0762
__ptext32                               text32       0774
__ptext33                               text33       03E3
__ptext34                               text34       07BA
__ptext4                                text4        020F
__ptext5                                text5        0333
__ptext6                                text6        05E9
__ptext7                                text7        073E
__ptext8                                text8        0750
__ptext9                                text9        0482
__size_of_ISR                           (abs)        0000
__size_of__1s_handler                   (abs)        0000
__size_of___lwdiv                       (abs)        0000
__size_of___lwmod                       (abs)        0000
__size_of___wmul                        (abs)        0000
__size_of_activate_cooler               (abs)        0000
__size_of_activate_heater               (abs)        0000
__size_of_adc_init                      (abs)        0000
__size_of_adc_sample                    (abs)        0000
__size_of_adc_sample_and_update_average (abs)        0000
__size_of_calc_avg                      (abs)        0000
__size_of_deactivate_cooler             (abs)        0000
__size_of_deactivate_heater             (abs)        0000
__size_of_delay                         (abs)        0000
__size_of_display7s                     (abs)        0000
__size_of_e2pext_r                      (abs)        0000
__size_of_e2pext_w                      (abs)        0000
__size_of_i2c_init                      (abs)        0000
__size_of_i2c_rb                        (abs)        0000
__size_of_i2c_start                     (abs)        0000
__size_of_i2c_stop                      (abs)        0000
__size_of_i2c_wb                        (abs)        0000
__size_of_interrupts_init               (abs)        0000
__size_of_main                          (abs)        0000
__size_of_set_temp_exteeprom_check      (abs)        0000
__size_of_show_7sd                      (abs)        0000
__size_of_timer0_init                   (abs)        0000
__size_of_timer1_init                   (abs)        0000
__size_ofi1_delay                       (abs)        0000
__size_ofi1_e2pext_r                    (abs)        0000
__size_ofi1_e2pext_w                    (abs)        0000
__size_ofi1_i2c_rb                      (abs)        0000
__size_ofi1_i2c_start                   (abs)        0000
__size_ofi1_i2c_stop                    (abs)        0000
__size_ofi1_i2c_wb                      (abs)        0000
_activate_cooler                        text16       0792
_activate_heater                        text15       0786
_adc_init                               text25       07E1
_adc_sample                             text24       0563
_adc_sample_and_update_average          text21       02D9
_avg_measured_temperature               dataBANK0    0054
_calc_avg                               text22       069F
_cooler_on                              bssBANK0     0050
_deactivate_cooler                      text14       071E
_deactivate_heater                      text13       06FE
_delay                                  text10       07B1
_display7s                              text19       038C
_e2pext_r                               text5        0333
_e2pext_w                               text4        020F
_heater_on                              bssBANK0     0051
_i2c_init                               text12       07D3
_i2c_rb                                 text9        0482
_i2c_start                              text8        0750
_i2c_stop                               text7        073E
_i2c_wb                                 text6        05E9
_i_7sd                                  bssBANK0     004D
_interrupts_init                        text11       07CB
_main                                   maintext     004D
_n_blinks                               bssBANK0     004F
_set_temp_exteeprom_check               text3        0433
_set_temperature                        dataBANK0    0052
_show_7sd                               text18       010B
_state                                  dataBANK0    0057
_t_1sec                                 bssBANK0     004E
_temps                                  bssBANK1     00A0
_temps_iterator                         bssBANK0     004B
_timer0_init                            text2        07A8
_timer1_init                            text1        079E
adc_sample@canal                        cstackCOMMON 0079
btemp                                   (abs)        007E
calc_avg@avg                            cstackBANK0  002E
calc_avg@i                              cstackBANK0  0030
clear_ram0                              clrtext      07C3
display7s@v                             cstackCOMMON 0070
e2pext_r@addr                           cstackBANK0  003C
e2pext_r@ah                             cstackBANK0  0040
e2pext_r@al                             cstackBANK0  003F
e2pext_r@ret                            cstackBANK0  003E
e2pext_w@addr                           cstackBANK0  0041
e2pext_w@ah                             cstackBANK0  0046
e2pext_w@al                             cstackBANK0  0047
e2pext_w@nt                             cstackBANK0  0048
e2pext_w@tmp                            cstackBANK0  0049
e2pext_w@val                            cstackBANK0  0043
end_of_initialization                   cinit        0049
i1_delay                                text34       07BA
i1_e2pext_r                             text29       04D0
i1_e2pext_w                             text28       0274
i1_i2c_rb                               text33       03E3
i1_i2c_start                            text32       0774
i1_i2c_stop                             text31       0762
i1_i2c_wb                               text30       0627
i1e2pext_r@addr                         cstackCOMMON 0074
i1e2pext_r@ah                           cstackCOMMON 0078
i1e2pext_r@al                           cstackCOMMON 0077
i1e2pext_r@ret                          cstackCOMMON 0076
i1e2pext_w@addr                         cstackCOMMON 0079
i1e2pext_w@ah                           cstackBANK0  0020
i1e2pext_w@al                           cstackBANK0  0021
i1e2pext_w@nt                           cstackBANK0  0022
i1e2pext_w@tmp                          cstackBANK0  0023
i1e2pext_w@val                          cstackCOMMON 007B
i1i2c_rb@ack                            cstackCOMMON 0071
i1i2c_rb@i                              cstackCOMMON 0073
i1i2c_rb@ret                            cstackCOMMON 0072
i1i2c_wb@i                              cstackCOMMON 0073
i1i2c_wb@val                            cstackCOMMON 0072
i2c_rb@ack                              cstackBANK0  0039
i2c_rb@i                                cstackBANK0  003B
i2c_rb@ret                              cstackBANK0  003A
i2c_wb@i                                cstackBANK0  003B
i2c_wb@val                              cstackBANK0  003A
interrupt_function                      intentry     0004
intlevel0                               functab      0000
intlevel1                               functab      0000
intlevel2                               functab      0000
intlevel3                               functab      0000
intlevel4                               functab      0000
intlevel5                               functab      0000
main@difference                         cstackBANK1  00B7
reset_vec                               reset_vec    0000
saved_w                                 (abs)        007E
set_temp_exteeprom_check@read_char      cstackBANK1  00B6
start                                   init         0012
start_initialization                    cinit        0015
wtemp0                                  (abs)        007E


FUNCTION INFORMATION:

 *************** function _main *****************
 Defined at:
		line 316 in file "teste_b4.c"
 Parameters:    Size  Location     Type
		None
 Auto vars:     Size  Location     Type
  difference      2    3[BANK1 ] int 
 Return value:  Size  Location     Type
                  1    wreg      void 
 Registers used:
		wreg, status,2, status,0, btemp+1, pclath, cstack
 Tracked objects:
		On entry : 
		On exit  : 
		Unchanged: 
 Data sizes:     COMMON   BANK0   BANK1   BANK3   BANK2
      Params:         0       0       0       0       0
      Locals:         0       0       2       0       0
      Temps:          0       0       0       0       0
      Totals:         0       0       2       0       0
Total ram usage:        2 bytes
 Hardware stack levels required when called:   11
 This function calls:
		_activate_cooler
		_activate_heater
		_deactivate_cooler
		_deactivate_heater
		_i2c_init
		_interrupts_init
		_set_temp_exteeprom_check
		_timer0_init
		_timer1_init
 This function is called by:
		Startup code after reset
 This function uses a non-reentrant model


 *************** function _timer1_init *****************
 Defined at:
		line 216 in file "teste_b4.c"
 Parameters:    Size  Location     Type
		None
 Auto vars:     Size  Location     Type
		None
 Return value:  Size  Location     Type
                  1    wreg      void 
 Registers used:
		wreg
 Tracked objects:
		On entry : 
		On exit  : 
		Unchanged: 
 Data sizes:     COMMON   BANK0   BANK1   BANK3   BANK2
      Params:         0       0       0       0       0
      Locals:         0       0       0       0       0
      Temps:          0       0       0       0       0
      Totals:         0       0       0       0       0
Total ram usage:        0 bytes
 Hardware stack levels used:    1
 Hardware stack levels required when called:    6
 This function calls:
		Nothing
 This function is called by:
		_main
 This function uses a non-reentrant model


 *************** function _timer0_init *****************
 Defined at:
		line 206 in file "teste_b4.c"
 Parameters:    Size  Location     Type
		None
 Auto vars:     Size  Location     Type
		None
 Return value:  Size  Location     Type
                  1    wreg      void 
 Registers used:
		wreg
 Tracked objects:
		On entry : 
		On exit  : 
		Unchanged: 
 Data sizes:     COMMON   BANK0   BANK1   BANK3   BANK2
      Params:         0       0       0       0       0
      Locals:         0       0       0       0       0
      Temps:          0       0       0       0       0
      Totals:         0       0       0       0       0
Total ram usage:        0 bytes
 Hardware stack levels used:    1
 Hardware stack levels required when called:    6
 This function calls:
		Nothing
 This function is called by:
		_main
 This function uses a non-reentrant model


 *************** function _set_temp_exteeprom_check *****************
 Defined at:
		line 301 in file "teste_b4.c"
 Parameters:    Size  Location     Type
		None
 Auto vars:     Size  Location     Type
  read_char       1    2[BANK1 ] unsigned char 
 Return value:  Size  Location     Type
                  1    wreg      void 
 Registers used:
		wreg, status,2, status,0, btemp+1, pclath, cstack
 Tracked objects:
		On entry : 
		On exit  : 
		Unchanged: 
 Data sizes:     COMMON   BANK0   BANK1   BANK3   BANK2
      Params:         0       0       0       0       0
      Locals:         0       0       1       0       0
      Temps:          0       0       2       0       0
      Totals:         0       0       3       0       0
Total ram usage:        3 bytes
 Hardware stack levels used:    1
 Hardware stack levels required when called:   10
 This function calls:
		_e2pext_r
		_e2pext_w
 This function is called by:
		_main
 This function uses a non-reentrant model


 *************** function _e2pext_w *****************
 Defined at:
		line 65 in file "eeprom_ext.c"
 Parameters:    Size  Location     Type
  addr            2   33[BANK0 ] unsigned int 
  val             1   35[BANK0 ] unsigned char 
 Auto vars:     Size  Location     Type
  tmp             2   41[BANK0 ] unsigned int 
  nt              1   40[BANK0 ] unsigned char 
  al              1   39[BANK0 ] unsigned char 
  ah              1   38[BANK0 ] unsigned char 
 Return value:  Size  Location     Type
                  1    wreg      void 
 Registers used:
		wreg, status,2, status,0, btemp+1, pclath, cstack
 Tracked objects:
		On entry : 
		On exit  : 
		Unchanged: 
 Data sizes:     COMMON   BANK0   BANK1   BANK3   BANK2
      Params:         0       3       0       0       0
      Locals:         0       5       0       0       0
      Temps:          0       2       0       0       0
      Totals:         0      10       0       0       0
Total ram usage:       10 bytes
 Hardware stack levels used:    1
 Hardware stack levels required when called:    9
 This function calls:
		_e2pext_r
		_i2c_start
		_i2c_stop
		_i2c_wb
 This function is called by:
		_set_temp_exteeprom_check
 This function uses a non-reentrant model


 *************** function _e2pext_r *****************
 Defined at:
		line 29 in file "eeprom_ext.c"
 Parameters:    Size  Location     Type
  addr            2   28[BANK0 ] unsigned int 
 Auto vars:     Size  Location     Type
  ah              1   32[BANK0 ] unsigned char 
  al              1   31[BANK0 ] unsigned char 
  ret             1   30[BANK0 ] unsigned char 
 Return value:  Size  Location     Type
                  1    wreg      unsigned char 
 Registers used:
		wreg, status,2, status,0, btemp+1, pclath, cstack
 Tracked objects:
		On entry : 
		On exit  : 
		Unchanged: 
 Data sizes:     COMMON   BANK0   BANK1   BANK3   BANK2
      Params:         0       2       0       0       0
      Locals:         0       3       0       0       0
      Temps:          0       0       0       0       0
      Totals:         0       5       0       0       0
Total ram usage:        5 bytes
 Hardware stack levels used:    1
 Hardware stack levels required when called:    8
 This function calls:
		_i2c_rb
		_i2c_start
		_i2c_stop
		_i2c_wb
 This function is called by:
		_e2pext_w
		_set_temp_exteeprom_check
 This function uses a non-reentrant model


 *************** function _i2c_wb *****************
 Defined at:
		line 69 in file "i2c.c"
 Parameters:    Size  Location     Type
  val             1    wreg     unsigned char 
 Auto vars:     Size  Location     Type
  val             1   26[BANK0 ] unsigned char 
  i               1   27[BANK0 ] unsigned char 
 Return value:  Size  Location     Type
                  1    wreg      void 
 Registers used:
		wreg, status,2, status,0, btemp+1, pclath, cstack
 Tracked objects:
		On entry : 
		On exit  : 
		Unchanged: 
 Data sizes:     COMMON   BANK0   BANK1   BANK3   BANK2
      Params:         0       0       0       0       0
      Locals:         0       2       0       0       0
      Temps:          0       2       0       0       0
      Totals:         0       4       0       0       0
Total ram usage:        4 bytes
 Hardware stack levels used:    1
 Hardware stack levels required when called:    7
 This function calls:
		_delay
 This function is called by:
		_e2pext_r
		_e2pext_w
 This function uses a non-reentrant model


 *************** function _i2c_stop *****************
 Defined at:
		line 60 in file "i2c.c"
 Parameters:    Size  Location     Type
		None
 Auto vars:     Size  Location     Type
		None
 Return value:  Size  Location     Type
                  1    wreg      void 
 Registers used:
		status,2, status,0, pclath, cstack
 Tracked objects:
		On entry : 
		On exit  : 
		Unchanged: 
 Data sizes:     COMMON   BANK0   BANK1   BANK3   BANK2
      Params:         0       0       0       0       0
      Locals:         0       0       0       0       0
      Temps:          0       0       0       0       0
      Totals:         0       0       0       0       0
Total ram usage:        0 bytes
 Hardware stack levels used:    1
 Hardware stack levels required when called:    7
 This function calls:
		_delay
 This function is called by:
		_e2pext_r
		_e2pext_w
 This function uses a non-reentrant model


 *************** function _i2c_start *****************
 Defined at:
		line 51 in file "i2c.c"
 Parameters:    Size  Location     Type
		None
 Auto vars:     Size  Location     Type
		None
 Return value:  Size  Location     Type
                  1    wreg      void 
 Registers used:
		status,2, status,0, pclath, cstack
 Tracked objects:
		On entry : 
		On exit  : 
		Unchanged: 
 Data sizes:     COMMON   BANK0   BANK1   BANK3   BANK2
      Params:         0       0       0       0       0
      Locals:         0       0       0       0       0
      Temps:          0       0       0       0       0
      Totals:         0       0       0       0       0
Total ram usage:        0 bytes
 Hardware stack levels used:    1
 Hardware stack levels required when called:    7
 This function calls:
		_delay
 This function is called by:
		_e2pext_r
		_e2pext_w
 This function uses a non-reentrant model


 *************** function _i2c_rb *****************
 Defined at:
		line 87 in file "i2c.c"
 Parameters:    Size  Location     Type
  ack             1    wreg     unsigned char 
 Auto vars:     Size  Location     Type
  ack             1   25[BANK0 ] unsigned char 
  i               1   27[BANK0 ] unsigned char 
  ret             1   26[BANK0 ] unsigned char 
 Return value:  Size  Location     Type
                  1    wreg      unsigned char 
 Registers used:
		wreg, status,2, status,0, btemp+1, pclath, cstack
 Tracked objects:
		On entry : 
		On exit  : 
		Unchanged: 
 Data sizes:     COMMON   BANK0   BANK1   BANK3   BANK2
      Params:         0       0       0       0       0
      Locals:         0       3       0       0       0
      Temps:          0       1       0       0       0
      Totals:         0       4       0       0       0
Total ram usage:        4 bytes
 Hardware stack levels used:    1
 Hardware stack levels required when called:    7
 This function calls:
		_delay
 This function is called by:
		_e2pext_r
 This function uses a non-reentrant model


 *************** function _delay *****************
 Defined at:
		line 30 in file "i2c.c"
 Parameters:    Size  Location     Type
		None
 Auto vars:     Size  Location     Type
		None
 Return value:  Size  Location     Type
                  1    wreg      void 
 Registers used:
		None
 Tracked objects:
		On entry : 
		On exit  : 
		Unchanged: 
 Data sizes:     COMMON   BANK0   BANK1   BANK3   BANK2
      Params:         0       0       0       0       0
      Locals:         0       0       0       0       0
      Temps:          0       0       0       0       0
      Totals:         0       0       0       0       0
Total ram usage:        0 bytes
 Hardware stack levels used:    1
 Hardware stack levels required when called:    6
 This function calls:
		Nothing
 This function is called by:
		_i2c_start
		_i2c_stop
		_i2c_wb
		_i2c_rb
 This function uses a non-reentrant model


 *************** function _interrupts_init *****************
 Defined at:
		line 191 in file "teste_b4.c"
 Parameters:    Size  Location     Type
		None
 Auto vars:     Size  Location     Type
		None
 Return value:  Size  Location     Type
                  1    wreg      void 
 Registers used:
		None
 Tracked objects:
		On entry : 
		On exit  : 
		Unchanged: 
 Data sizes:     COMMON   BANK0   BANK1   BANK3   BANK2
      Params:         0       0       0       0       0
      Locals:         0       0       0       0       0
      Temps:          0       0       0       0       0
      Totals:         0       0       0       0       0
Total ram usage:        0 bytes
 Hardware stack levels used:    1
 Hardware stack levels required when called:    6
 This function calls:
		Nothing
 This function is called by:
		_main
 This function uses a non-reentrant model


 *************** function _i2c_init *****************
 Defined at:
		line 44 in file "i2c.c"
 Parameters:    Size  Location     Type
		None
 Auto vars:     Size  Location     Type
		None
 Return value:  Size  Location     Type
                  1    wreg      void 
 Registers used:
		None
 Tracked objects:
		On entry : 
		On exit  : 
		Unchanged: 
 Data sizes:     COMMON   BANK0   BANK1   BANK3   BANK2
      Params:         0       0       0       0       0
      Locals:         0       0       0       0       0
      Temps:          0       0       0       0       0
      Totals:         0       0       0       0       0
Total ram usage:        0 bytes
 Hardware stack levels used:    1
 Hardware stack levels required when called:    6
 This function calls:
		Nothing
 This function is called by:
		_main
 This function uses a non-reentrant model


 *************** function _deactivate_heater *****************
 Defined at:
		line 73 in file "teste_b4.c"
 Parameters:    Size  Location     Type
		None
 Auto vars:     Size  Location     Type
		None
 Return value:  Size  Location     Type
                  1    wreg      void 
 Registers used:
		wreg, status,2, status,0
 Tracked objects:
		On entry : 
		On exit  : 
		Unchanged: 
 Data sizes:     COMMON   BANK0   BANK1   BANK3   BANK2
      Params:         0       0       0       0       0
      Locals:         0       0       0       0       0
      Temps:          0       0       0       0       0
      Totals:         0       0       0       0       0
Total ram usage:        0 bytes
 Hardware stack levels used:    1
 Hardware stack levels required when called:    6
 This function calls:
		Nothing
 This function is called by:
		_main
 This function uses a non-reentrant model


 *************** function _deactivate_cooler *****************
 Defined at:
		line 96 in file "teste_b4.c"
 Parameters:    Size  Location     Type
		None
 Auto vars:     Size  Location     Type
		None
 Return value:  Size  Location     Type
                  1    wreg      void 
 Registers used:
		wreg, status,2, status,0
 Tracked objects:
		On entry : 
		On exit  : 
		Unchanged: 
 Data sizes:     COMMON   BANK0   BANK1   BANK3   BANK2
      Params:         0       0       0       0       0
      Locals:         0       0       0       0       0
      Temps:          0       0       0       0       0
      Totals:         0       0       0       0       0
Total ram usage:        0 bytes
 Hardware stack levels used:    1
 Hardware stack levels required when called:    6
 This function calls:
		Nothing
 This function is called by:
		_main
 This function uses a non-reentrant model


 *************** function _activate_heater *****************
 Defined at:
		line 62 in file "teste_b4.c"
 Parameters:    Size  Location     Type
		None
 Auto vars:     Size  Location     Type
		None
 Return value:  Size  Location     Type
                  1    wreg      void 
 Registers used:
		wreg, status,2, status,0
 Tracked objects:
		On entry : 
		On exit  : 
		Unchanged: 
 Data sizes:     COMMON   BANK0   BANK1   BANK3   BANK2
      Params:         0       0       0       0       0
      Locals:         0       0       0       0       0
      Temps:          0       0       0       0       0
      Totals:         0       0       0       0       0
Total ram usage:        0 bytes
 Hardware stack levels used:    1
 Hardware stack levels required when called:    6
 This function calls:
		Nothing
 This function is called by:
		_main
 This function uses a non-reentrant model


 *************** function _activate_cooler *****************
 Defined at:
		line 85 in file "teste_b4.c"
 Parameters:    Size  Location     Type
		None
 Auto vars:     Size  Location     Type
		None
 Return value:  Size  Location     Type
                  1    wreg      void 
 Registers used:
		wreg, status,2, status,0
 Tracked objects:
		On entry : 
		On exit  : 
		Unchanged: 
 Data sizes:     COMMON   BANK0   BANK1   BANK3   BANK2
      Params:         0       0       0       0       0
      Locals:         0       0       0       0       0
      Temps:          0       0       0       0       0
      Totals:         0       0       0       0       0
Total ram usage:        0 bytes
 Hardware stack levels used:    1
 Hardware stack levels required when called:    6
 This function calls:
		Nothing
 This function is called by:
		_main
 This function uses a non-reentrant model


 *************** function _ISR *****************
 Defined at:
		line 244 in file "teste_b4.c"
 Parameters:    Size  Location     Type
		None
 Auto vars:     Size  Location     Type
		None
 Return value:  Size  Location     Type
                  1    wreg      void 
 Registers used:
		wreg, fsr0l, fsr0h, status,2, status,0, btemp+1, pclath, cstack
 Tracked objects:
		On entry : 
		On exit  : 
		Unchanged: 
 Data sizes:     COMMON   BANK0   BANK1   BANK3   BANK2
      Params:         0       0       0       0       0
      Locals:         0       2       0       0       0
      Temps:          0       4       0       0       0
      Totals:         0       6       0       0       0
Total ram usage:        6 bytes
 Hardware stack levels used:    1
 Hardware stack levels required when called:    5
 This function calls:
		__1s_handler
		_adc_sample_and_update_average
		_show_7sd
 This function is called by:
		Interrupt level 1
 This function uses a non-reentrant model


 *************** function _show_7sd *****************
 Defined at:
		line 124 in file "teste_b4.c"
 Parameters:    Size  Location     Type
		None
 Auto vars:     Size  Location     Type
		None
 Return value:  Size  Location     Type
                  1    wreg      void 
 Registers used:
		wreg, fsr0l, fsr0h, status,2, status,0, btemp+1, pclath, cstack
 Tracked objects:
		On entry : 
		On exit  : 
		Unchanged: 
 Data sizes:     COMMON   BANK0   BANK1   BANK3   BANK2
      Params:         0       0       0       0       0
      Locals:         0       0       0       0       0
      Temps:          0       0       0       0       0
      Totals:         0       0       0       0       0
Total ram usage:        0 bytes
 Hardware stack levels used:    1
 Hardware stack levels required when called:    1
 This function calls:
		___lwdiv
		___lwmod
		_display7s
 This function is called by:
		_ISR
 This function uses a non-reentrant model


 *************** function _display7s *****************
 Defined at:
		line 35 in file "display7s.c"
 Parameters:    Size  Location     Type
  v               1    wreg     unsigned char 
 Auto vars:     Size  Location     Type
  v               1    0[COMMON] unsigned char 
 Return value:  Size  Location     Type
                  1    wreg      unsigned char 
 Registers used:
		wreg, fsr0l, fsr0h, status,2, status,0
 Tracked objects:
		On entry : 
		On exit  : 
		Unchanged: 
 Data sizes:     COMMON   BANK0   BANK1   BANK3   BANK2
      Params:         0       0       0       0       0
      Locals:         1       0       0       0       0
      Temps:          0       0       0       0       0
      Totals:         1       0       0       0       0
Total ram usage:        1 bytes
 Hardware stack levels used:    1
 This function calls:
		Nothing
 This function is called by:
		_show_7sd
 This function uses a non-reentrant model


 *************** function ___lwmod *****************
 Defined at:
		line 5 in file "C:\Program Files\Microchip\xc8\v2.20\pic\sources\c90\common\lwmod.c"
 Parameters:    Size  Location     Type
  divisor         2    0[COMMON] unsigned int 
  dividend        2    2[COMMON] unsigned int 
 Auto vars:     Size  Location     Type
  counter         1    4[COMMON] unsigned char 
 Return value:  Size  Location     Type
                  2    0[COMMON] unsigned int 
 Registers used:
		wreg, status,2, status,0, btemp+1
 Tracked objects:
		On entry : 
		On exit  : 
		Unchanged: 
 Data sizes:     COMMON   BANK0   BANK1   BANK3   BANK2
      Params:         4       0       0       0       0
      Locals:         1       0       0       0       0
      Temps:          0       0       0       0       0
      Totals:         5       0       0       0       0
Total ram usage:        5 bytes
 Hardware stack levels used:    1
 This function calls:
		Nothing
 This function is called by:
		_show_7sd
 This function uses a non-reentrant model


 *************** function _adc_sample_and_update_average *****************
 Defined at:
		line 182 in file "teste_b4.c"
 Parameters:    Size  Location     Type
		None
 Auto vars:     Size  Location     Type
		None
 Return value:  Size  Location     Type
                  1    wreg      void 
 Registers used:
		wreg, fsr0l, fsr0h, status,2, status,0, btemp+1, pclath, cstack
 Tracked objects:
		On entry : 
		On exit  : 
		Unchanged: 
 Data sizes:     COMMON   BANK0   BANK1   BANK3   BANK2
      Params:         0       0       0       0       0
      Locals:         0       0       0       0       0
      Temps:          0       1       0       0       0
      Totals:         0       1       0       0       0
Total ram usage:        1 bytes
 Hardware stack levels used:    1
 Hardware stack levels required when called:    2
 This function calls:
		___lwdiv
		___wmul
		_adc_init
		_adc_sample
		_calc_avg
 This function is called by:
		_ISR
 This function uses a non-reentrant model


 *************** function _calc_avg *****************
 Defined at:
		line 108 in file "teste_b4.c"
 Parameters:    Size  Location     Type
		None
 Auto vars:     Size  Location     Type
  avg             2   14[BANK0 ] unsigned int 
  i               1   16[BANK0 ] unsigned char 
 Return value:  Size  Location     Type
                  2    9[BANK0 ] unsigned int 
 Registers used:
		wreg, fsr0l, fsr0h, status,2, status,0, btemp+1, pclath, cstack
 Tracked objects:
		On entry : 
		On exit  : 
		Unchanged: 
 Data sizes:     COMMON   BANK0   BANK1   BANK3   BANK2
      Params:         0       2       0       0       0
      Locals:         0       3       0       0       0
      Temps:          0       3       0       0       0
      Totals:         0       8       0       0       0
Total ram usage:        8 bytes
 Hardware stack levels used:    1
 Hardware stack levels required when called:    1
 This function calls:
		___lwdiv
 This function is called by:
		_adc_sample_and_update_average
 This function uses a non-reentrant model


 *************** function ___lwdiv *****************
 Defined at:
		line 5 in file "C:\Program Files\Microchip\xc8\v2.20\pic\sources\c90\common\lwdiv.c"
 Parameters:    Size  Location     Type
  divisor         2    2[BANK0 ] unsigned int 
  dividend        2    4[BANK0 ] unsigned int 
 Auto vars:     Size  Location     Type
  quotient        2    6[BANK0 ] unsigned int 
  counter         1    8[BANK0 ] unsigned char 
 Return value:  Size  Location     Type
                  2    2[BANK0 ] unsigned int 
 Registers used:
		wreg, status,2, status,0, btemp+1
 Tracked objects:
		On entry : 
		On exit  : 
		Unchanged: 
 Data sizes:     COMMON   BANK0   BANK1   BANK3   BANK2
      Params:         0       4       0       0       0
      Locals:         0       3       0       0       0
      Temps:          0       0       0       0       0
      Totals:         0       7       0       0       0
Total ram usage:        7 bytes
 Hardware stack levels used:    1
 This function calls:
		Nothing
 This function is called by:
		_calc_avg
		_show_7sd
		_adc_sample_and_update_average
 This function uses a non-reentrant model


 *************** function _adc_sample *****************
 Defined at:
		line 9 in file "adc.c"
 Parameters:    Size  Location     Type
  canal           1    wreg     unsigned char 
 Auto vars:     Size  Location     Type
  canal           1    9[COMMON] unsigned char 
 Return value:  Size  Location     Type
                  2    0[COMMON] unsigned int 
 Registers used:
		wreg, fsr0l, fsr0h, status,2, status,0
 Tracked objects:
		On entry : 
		On exit  : 
		Unchanged: 
 Data sizes:     COMMON   BANK0   BANK1   BANK3   BANK2
      Params:         2       0       0       0       0
      Locals:         1       0       0       0       0
      Temps:          7       0       0       0       0
      Totals:        10       0       0       0       0
Total ram usage:       10 bytes
 Hardware stack levels used:    1
 This function calls:
		Nothing
 This function is called by:
		_adc_sample_and_update_average
 This function uses a non-reentrant model


 *************** function _adc_init *****************
 Defined at:
		line 4 in file "adc.c"
 Parameters:    Size  Location     Type
		None
 Auto vars:     Size  Location     Type
		None
 Return value:  Size  Location     Type
                  1    wreg      void 
 Registers used:
		wreg
 Tracked objects:
		On entry : 
		On exit  : 
		Unchanged: 
 Data sizes:     COMMON   BANK0   BANK1   BANK3   BANK2
      Params:         0       0       0       0       0
      Locals:         0       0       0       0       0
      Temps:          0       0       0       0       0
      Totals:         0       0       0       0       0
Total ram usage:        0 bytes
 Hardware stack levels used:    1
 This function calls:
		Nothing
 This function is called by:
		_adc_sample_and_update_average
 This function uses a non-reentrant model


 *************** function ___wmul *****************
 Defined at:
		line 15 in file "C:\Program Files\Microchip\xc8\v2.20\pic\sources\c90\common\Umul16.c"
 Parameters:    Size  Location     Type
  multiplier      2   10[COMMON] unsigned int 
  multiplicand    2   12[COMMON] unsigned int 
 Auto vars:     Size  Location     Type
  product         2    0[BANK0 ] unsigned int 
 Return value:  Size  Location     Type
                  2   10[COMMON] unsigned int 
 Registers used:
		wreg, status,2, status,0
 Tracked objects:
		On entry : 
		On exit  : 
		Unchanged: 
 Data sizes:     COMMON   BANK0   BANK1   BANK3   BANK2
      Params:         4       0       0       0       0
      Locals:         0       2       0       0       0
      Temps:          0       0       0       0       0
      Totals:         4       2       0       0       0
Total ram usage:        6 bytes
 Hardware stack levels used:    1
 This function calls:
		Nothing
 This function is called by:
		_adc_sample_and_update_average
 This function uses a non-reentrant model


 *************** function __1s_handler *****************
 Defined at:
		line 159 in file "teste_b4.c"
 Parameters:    Size  Location     Type
		None
 Auto vars:     Size  Location     Type
		None
 Return value:  Size  Location     Type
                  1    wreg      void 
 Registers used:
		wreg, status,2, status,0, btemp+1, pclath, cstack
 Tracked objects:
		On entry : 
		On exit  : 
		Unchanged: 
 Data sizes:     COMMON   BANK0   BANK1   BANK3   BANK2
      Params:         0       0       0       0       0
      Locals:         0       2       0       0       0
      Temps:          0       0       0       0       0
      Totals:         0       2       0       0       0
Total ram usage:        2 bytes
 Hardware stack levels used:    1
 Hardware stack levels required when called:    4
 This function calls:
		i1_e2pext_w
 This function is called by:
		_ISR
 This function uses a non-reentrant model


 *************** function i1_e2pext_w *****************
 Defined at:
		line 65 in file "eeprom_ext.c"
 Parameters:    Size  Location     Type
  addr            2    9[COMMON] unsigned int 
  val             1   11[COMMON] unsigned char 
 Auto vars:     Size  Location     Type
  tmp             2    3[BANK0 ] unsigned int 
  nt              1    2[BANK0 ] unsigned char 
  al              1    1[BANK0 ] unsigned char 
  ah              1    0[BANK0 ] unsigned char 
 Return value:  Size  Location     Type
                  1    wreg      void 
 Registers used:
		wreg, status,2, status,0, btemp+1, pclath, cstack
 Tracked objects:
		On entry : 
		On exit  : 
		Unchanged: 
 Data sizes:     COMMON   BANK0   BANK1   BANK3   BANK2
      Params:         3       0       0       0       0
      Locals:         0       5       0       0       0
      Temps:          2       0       0       0       0
      Totals:         5       5       0       0       0
Total ram usage:       10 bytes
 Hardware stack levels used:    1
 Hardware stack levels required when called:    3
 This function calls:
		i1_e2pext_r
		i1_i2c_start
		i1_i2c_stop
		i1_i2c_wb
 This function is called by:
		__1s_handler
 This function uses a non-reentrant model


 *************** function i1_e2pext_r *****************
 Defined at:
		line 29 in file "eeprom_ext.c"
 Parameters:    Size  Location     Type
  addr            2    4[COMMON] unsigned int 
 Auto vars:     Size  Location     Type
  ah              1    8[COMMON] unsigned char 
  al              1    7[COMMON] unsigned char 
  ret             1    6[COMMON] unsigned char 
 Return value:  Size  Location     Type
                  1    wreg      unsigned char 
 Registers used:
		wreg, status,2, status,0, btemp+1, pclath, cstack
 Tracked objects:
		On entry : 
		On exit  : 
		Unchanged: 
 Data sizes:     COMMON   BANK0   BANK1   BANK3   BANK2
      Params:         2       0       0       0       0
      Locals:         3       0       0       0       0
      Temps:          0       0       0       0       0
      Totals:         5       0       0       0       0
Total ram usage:        5 bytes
 Hardware stack levels used:    1
 Hardware stack levels required when called:    2
 This function calls:
		i1_i2c_rb
		i1_i2c_start
		i1_i2c_stop
		i1_i2c_wb
 This function is called by:
		i1_e2pext_w
 This function uses a non-reentrant model


 *************** function i1_i2c_wb *****************
 Defined at:
		line 69 in file "i2c.c"
 Parameters:    Size  Location     Type
  val             1    wreg     unsigned char 
 Auto vars:     Size  Location     Type
  val             1    2[COMMON] unsigned char 
  i               1    3[COMMON] unsigned char 
 Return value:  Size  Location     Type
                  1    wreg      void 
 Registers used:
		wreg, status,2, status,0, btemp+1, pclath, cstack
 Tracked objects:
		On entry : 
		On exit  : 
		Unchanged: 
 Data sizes:     COMMON   BANK0   BANK1   BANK3   BANK2
      Params:         0       0       0       0       0
      Locals:         2       0       0       0       0
      Temps:          2       0       0       0       0
      Totals:         4       0       0       0       0
Total ram usage:        4 bytes
 Hardware stack levels used:    1
 Hardware stack levels required when called:    1
 This function calls:
		i1_delay
 This function is called by:
		i1_e2pext_r
		i1_e2pext_w
 This function uses a non-reentrant model


 *************** function i1_i2c_stop *****************
 Defined at:
		line 60 in file "i2c.c"
 Parameters:    Size  Location     Type
		None
 Auto vars:     Size  Location     Type
		None
 Return value:  Size  Location     Type
                  1    wreg      void 
 Registers used:
		status,2, status,0, pclath, cstack
 Tracked objects:
		On entry : 
		On exit  : 
		Unchanged: 
 Data sizes:     COMMON   BANK0   BANK1   BANK3   BANK2
      Params:         0       0       0       0       0
      Locals:         0       0       0       0       0
      Temps:          0       0       0       0       0
      Totals:         0       0       0       0       0
Total ram usage:        0 bytes
 Hardware stack levels used:    1
 Hardware stack levels required when called:    1
 This function calls:
		i1_delay
 This function is called by:
		i1_e2pext_r
		i1_e2pext_w
 This function uses a non-reentrant model


 *************** function i1_i2c_start *****************
 Defined at:
		line 51 in file "i2c.c"
 Parameters:    Size  Location     Type
		None
 Auto vars:     Size  Location     Type
		None
 Return value:  Size  Location     Type
                  1    wreg      void 
 Registers used:
		status,2, status,0, pclath, cstack
 Tracked objects:
		On entry : 
		On exit  : 
		Unchanged: 
 Data sizes:     COMMON   BANK0   BANK1   BANK3   BANK2
      Params:         0       0       0       0       0
      Locals:         0       0       0       0       0
      Temps:          0       0       0       0       0
      Totals:         0       0       0       0       0
Total ram usage:        0 bytes
 Hardware stack levels used:    1
 Hardware stack levels required when called:    1
 This function calls:
		i1_delay
 This function is called by:
		i1_e2pext_r
		i1_e2pext_w
 This function uses a non-reentrant model


 *************** function i1_i2c_rb *****************
 Defined at:
		line 87 in file "i2c.c"
 Parameters:    Size  Location     Type
  ack             1    wreg     unsigned char 
 Auto vars:     Size  Location     Type
  ack             1    1[COMMON] unsigned char 
  i               1    3[COMMON] unsigned char 
  ret             1    2[COMMON] unsigned char 
 Return value:  Size  Location     Type
                  1    wreg      unsigned char 
 Registers used:
		wreg, status,2, status,0, btemp+1, pclath, cstack
 Tracked objects:
		On entry : 
		On exit  : 
		Unchanged: 
 Data sizes:     COMMON   BANK0   BANK1   BANK3   BANK2
      Params:         0       0       0       0       0
      Locals:         3       0       0       0       0
      Temps:          1       0       0       0       0
      Totals:         4       0       0       0       0
Total ram usage:        4 bytes
 Hardware stack levels used:    1
 Hardware stack levels required when called:    1
 This function calls:
		i1_delay
 This function is called by:
		i1_e2pext_r
 This function uses a non-reentrant model


 *************** function i1_delay *****************
 Defined at:
		line 30 in file "i2c.c"
 Parameters:    Size  Location     Type
		None
 Auto vars:     Size  Location     Type
		None
 Return value:  Size  Location     Type
                  1    wreg      void 
 Registers used:
		None
 Tracked objects:
		On entry : 
		On exit  : 
		Unchanged: 
 Data sizes:     COMMON   BANK0   BANK1   BANK3   BANK2
      Params:         0       0       0       0       0
      Locals:         0       0       0       0       0
      Temps:          0       0       0       0       0
      Totals:         0       0       0       0       0
Total ram usage:        0 bytes
 Hardware stack levels used:    1
 This function calls:
		Nothing
 This function is called by:
		i1_i2c_start
		i1_i2c_stop
		i1_i2c_wb
		i1_i2c_rb
 This function uses a non-reentrant model



MODULE INFORMATION

Module		Function		Class		Link	Load	Size
eeprom_ext.c
		_e2pext_r      		CODE           	0333	0000	90
		_e2pext_w      		CODE           	020F	0000	102

eeprom_ext.c estimated size: 192

teste_b4.c
		_interrupts_init		CODE           	07CB	0000	9
		_ISR           		CODE           	01A2	0000	110
		__1s_handler   		CODE           	05A9	0000	65
		_calc_avg      		CODE           	069F	0000	53
		_main          		CODE           	004D	0000	191
		_activate_heater		CODE           	0786	0000	13
		_activate_cooler		CODE           	0792	0000	13
		_set_temp_exteeprom_check		CODE           	0433	0000	80
		_adc_sample_and_update_average		CODE           	02D9	0000	91
		_timer0_init   		CODE           	07A8	0000	10
		_deactivate_heater		CODE           	06FE	0000	33
		_deactivate_cooler		CODE           	071E	0000	33
		_timer1_init   		CODE           	079E	0000	11
		_show_7sd      		CODE           	010B	0000	152

teste_b4.c estimated size: 864

i2c.c
		_i2c_rb        		CODE           	0482	0000	79
		_delay         		CODE           	07B1	0000	10
		_i2c_start     		CODE           	0750	0000	19
		_i2c_stop      		CODE           	073E	0000	19
		_i2c_init      		CODE           	07D3	0000	9
		_i2c_wb        		CODE           	05E9	0000	63

i2c.c estimated size: 199

C:\Program Files\Microchip\xc8\v2.20\pic\sources\c90\common\lwmod.c
		___lwmod       		CODE           	0665	0000	59

C:\Program Files\Microchip\xc8\v2.20\pic\sources\c90\common\lwmod.c estimated size: 59

display7s.c
		_display7s     		CODE           	038C	0000	88

display7s.c estimated size: 88

adc.c
		_adc_init      		CODE           	07E1	0000	6
		_adc_sample    		CODE           	0563	0000	71

adc.c estimated size: 77

shared
		i1_i2c_wb      		CODE           	0627	0000	63
		i1_i2c_stop    		CODE           	0762	0000	19
		i1_i2c_start   		CODE           	0774	0000	19
		__initialization		CODE           	0015	0000	53
		i1_i2c_rb      		CODE           	03E3	0000	81
		i1_delay       		CODE           	07BA	0000	10
		i1_e2pext_r    		CODE           	04D0	0000	78
		i1_e2pext_w    		CODE           	0274	0000	102

shared estimated size: 425

C:\Program Files\Microchip\xc8\v2.20\pic\sources\c90\common\Umul16.c
		___wmul        		CODE           	06D3	0000	44

C:\Program Files\Microchip\xc8\v2.20\pic\sources\c90\common\Umul16.c estimated size: 44

C:\Program Files\Microchip\xc8\v2.20\pic\sources\c90\common\lwdiv.c
		___lwdiv       		CODE           	051D	0000	71

C:\Program Files\Microchip\xc8\v2.20\pic\sources\c90\common\lwdiv.c estimated size: 71

